<?xml version="1.0" encoding="ISO-8859-1" ?>
<link_info>
   <banner>TI ARM Clang Linker PC v2.1.3.LTS</banner>
   <copyright>Copyright (c) 1996-2018 Texas Instruments Incorporated</copyright>
   <link_time>0x652ca7e1</link_time>
   <link_errors>0x0</link_errors>
   <output_file>gpiointerrupt_CC3220SF_LAUNCHXL_nortos_ticlang.out</output_file>
   <entry_point>
      <name>resetISR</name>
      <address>0x1005c21</address>
   </entry_point>
   <input_file_list>
      <input_file id="fl-1">
         <path>.\</path>
         <kind>object</kind>
         <file>gpiointerrupt.o</file>
         <name>gpiointerrupt.o</name>
      </input_file>
      <input_file id="fl-2">
         <path>.\syscfg\</path>
         <kind>object</kind>
         <file>ti_drivers_config.o</file>
         <name>ti_drivers_config.o</name>
      </input_file>
      <input_file id="fl-3">
         <path>.\</path>
         <kind>object</kind>
         <file>main_nortos.o</file>
         <name>main_nortos.o</name>
      </input_file>
      <input_file id="fl-13">
         <kind>object</kind>
         <file>&lt;internal&gt;</file>
         <name>&lt;internal&gt;</name>
      </input_file>
      <input_file id="fl-14">
         <path>C:\ti\simplelink_cc32xx_sdk_7_10_00_13\source\ti\drivers\lib\ticlang\m4\</path>
         <kind>archive</kind>
         <file>drivers_cc32xx.a</file>
         <name>GPIO.c.obj</name>
      </input_file>
      <input_file id="fl-15">
         <path>C:\ti\simplelink_cc32xx_sdk_7_10_00_13\source\ti\drivers\lib\ticlang\m4\</path>
         <kind>archive</kind>
         <file>drivers_cc32xx.a</file>
         <name>GPIOCC32XX.c.obj</name>
      </input_file>
      <input_file id="fl-16">
         <path>C:\ti\simplelink_cc32xx_sdk_7_10_00_13\source\ti\drivers\lib\ticlang\m4\</path>
         <kind>archive</kind>
         <file>drivers_cc32xx.a</file>
         <name>I2C.c.obj</name>
      </input_file>
      <input_file id="fl-17">
         <path>C:\ti\simplelink_cc32xx_sdk_7_10_00_13\source\ti\drivers\lib\ticlang\m4\</path>
         <kind>archive</kind>
         <file>drivers_cc32xx.a</file>
         <name>I2CCC32XX.c.obj</name>
      </input_file>
      <input_file id="fl-18">
         <path>C:\ti\simplelink_cc32xx_sdk_7_10_00_13\source\ti\drivers\lib\ticlang\m4\</path>
         <kind>archive</kind>
         <file>drivers_cc32xx.a</file>
         <name>PowerCC32XX.c.obj</name>
      </input_file>
      <input_file id="fl-19">
         <path>C:\ti\simplelink_cc32xx_sdk_7_10_00_13\source\ti\drivers\lib\ticlang\m4\</path>
         <kind>archive</kind>
         <file>drivers_cc32xx.a</file>
         <name>PowerCC32XX_ticlang.asm.obj</name>
      </input_file>
      <input_file id="fl-1a">
         <path>C:\ti\simplelink_cc32xx_sdk_7_10_00_13\source\ti\drivers\lib\ticlang\m4\</path>
         <kind>archive</kind>
         <file>drivers_cc32xx.a</file>
         <name>Timer.c.obj</name>
      </input_file>
      <input_file id="fl-1b">
         <path>C:\ti\simplelink_cc32xx_sdk_7_10_00_13\source\ti\drivers\lib\ticlang\m4\</path>
         <kind>archive</kind>
         <file>drivers_cc32xx.a</file>
         <name>TimerCC32XX.c.obj</name>
      </input_file>
      <input_file id="fl-1c">
         <path>C:\ti\simplelink_cc32xx_sdk_7_10_00_13\source\ti\drivers\lib\ticlang\m4\</path>
         <kind>archive</kind>
         <file>drivers_cc32xx.a</file>
         <name>UART2.c.obj</name>
      </input_file>
      <input_file id="fl-1d">
         <path>C:\ti\simplelink_cc32xx_sdk_7_10_00_13\source\ti\drivers\lib\ticlang\m4\</path>
         <kind>archive</kind>
         <file>drivers_cc32xx.a</file>
         <name>UART2CC32XX.c.obj</name>
      </input_file>
      <input_file id="fl-1e">
         <path>C:\ti\simplelink_cc32xx_sdk_7_10_00_13\source\ti\drivers\lib\ticlang\m4\</path>
         <kind>archive</kind>
         <file>drivers_cc32xx.a</file>
         <name>List.c.obj</name>
      </input_file>
      <input_file id="fl-1f">
         <path>C:\ti\simplelink_cc32xx_sdk_7_10_00_13\source\ti\drivers\lib\ticlang\m4\</path>
         <kind>archive</kind>
         <file>drivers_cc32xx.a</file>
         <name>RingBuf.c.obj</name>
      </input_file>
      <input_file id="fl-20">
         <path>C:\ti\simplelink_cc32xx_sdk_7_10_00_13\source\ti\drivers\lib\ticlang\m4\</path>
         <kind>archive</kind>
         <file>drivers_cc32xx.a</file>
         <name>UDMACC32XX.c.obj</name>
      </input_file>
      <input_file id="fl-21">
         <path>C:\ti\simplelink_cc32xx_sdk_7_10_00_13\kernel\nortos\lib\ticlang\m4\</path>
         <kind>archive</kind>
         <file>nortos_cc32xx.a</file>
         <name>NoRTOS.c.obj</name>
      </input_file>
      <input_file id="fl-22">
         <path>C:\ti\simplelink_cc32xx_sdk_7_10_00_13\kernel\nortos\lib\ticlang\m4\</path>
         <kind>archive</kind>
         <file>nortos_cc32xx.a</file>
         <name>SemaphoreP_nortos.c.obj</name>
      </input_file>
      <input_file id="fl-23">
         <path>C:\ti\simplelink_cc32xx_sdk_7_10_00_13\kernel\nortos\lib\ticlang\m4\</path>
         <kind>archive</kind>
         <file>nortos_cc32xx.a</file>
         <name>ClockPSysTick_nortos.c.obj</name>
      </input_file>
      <input_file id="fl-24">
         <path>C:\ti\simplelink_cc32xx_sdk_7_10_00_13\kernel\nortos\lib\ticlang\m4\</path>
         <kind>archive</kind>
         <file>nortos_cc32xx.a</file>
         <name>HwiPCC32XX_nortos.c.obj</name>
      </input_file>
      <input_file id="fl-25">
         <path>C:\ti\simplelink_cc32xx_sdk_7_10_00_13\kernel\nortos\lib\ticlang\m4\</path>
         <kind>archive</kind>
         <file>nortos_cc32xx.a</file>
         <name>PowerCC32XX_nortos.c.obj</name>
      </input_file>
      <input_file id="fl-26">
         <path>C:\ti\simplelink_cc32xx_sdk_7_10_00_13\kernel\nortos\lib\ticlang\m4\</path>
         <kind>archive</kind>
         <file>nortos_cc32xx.a</file>
         <name>startup_cc32xx_ticlang.c.obj</name>
      </input_file>
      <input_file id="fl-27">
         <path>C:\ti\simplelink_cc32xx_sdk_7_10_00_13\kernel\nortos\lib\ticlang\m4\</path>
         <kind>archive</kind>
         <file>nortos_cc32xx.a</file>
         <name>SwiP_nortos.c.obj</name>
      </input_file>
      <input_file id="fl-28">
         <path>C:\ti\simplelink_cc32xx_sdk_7_10_00_13\source\ti\devices\cc32xx\driverlib\ticlang\Release\</path>
         <kind>archive</kind>
         <file>driverlib.a</file>
         <name>cpu.obj</name>
      </input_file>
      <input_file id="fl-29">
         <path>C:\ti\simplelink_cc32xx_sdk_7_10_00_13\source\ti\devices\cc32xx\driverlib\ticlang\Release\</path>
         <kind>archive</kind>
         <file>driverlib.a</file>
         <name>gpio.obj</name>
      </input_file>
      <input_file id="fl-2a">
         <path>C:\ti\simplelink_cc32xx_sdk_7_10_00_13\source\ti\devices\cc32xx\driverlib\ticlang\Release\</path>
         <kind>archive</kind>
         <file>driverlib.a</file>
         <name>hwspinlock.obj</name>
      </input_file>
      <input_file id="fl-2b">
         <path>C:\ti\simplelink_cc32xx_sdk_7_10_00_13\source\ti\devices\cc32xx\driverlib\ticlang\Release\</path>
         <kind>archive</kind>
         <file>driverlib.a</file>
         <name>i2c.obj</name>
      </input_file>
      <input_file id="fl-2c">
         <path>C:\ti\simplelink_cc32xx_sdk_7_10_00_13\source\ti\devices\cc32xx\driverlib\ticlang\Release\</path>
         <kind>archive</kind>
         <file>driverlib.a</file>
         <name>interrupt.obj</name>
      </input_file>
      <input_file id="fl-2d">
         <path>C:\ti\simplelink_cc32xx_sdk_7_10_00_13\source\ti\devices\cc32xx\driverlib\ticlang\Release\</path>
         <kind>archive</kind>
         <file>driverlib.a</file>
         <name>pin.obj</name>
      </input_file>
      <input_file id="fl-2e">
         <path>C:\ti\simplelink_cc32xx_sdk_7_10_00_13\source\ti\devices\cc32xx\driverlib\ticlang\Release\</path>
         <kind>archive</kind>
         <file>driverlib.a</file>
         <name>prcm.obj</name>
      </input_file>
      <input_file id="fl-2f">
         <path>C:\ti\simplelink_cc32xx_sdk_7_10_00_13\source\ti\devices\cc32xx\driverlib\ticlang\Release\</path>
         <kind>archive</kind>
         <file>driverlib.a</file>
         <name>spi.obj</name>
      </input_file>
      <input_file id="fl-30">
         <path>C:\ti\simplelink_cc32xx_sdk_7_10_00_13\source\ti\devices\cc32xx\driverlib\ticlang\Release\</path>
         <kind>archive</kind>
         <file>driverlib.a</file>
         <name>systick.obj</name>
      </input_file>
      <input_file id="fl-31">
         <path>C:\ti\simplelink_cc32xx_sdk_7_10_00_13\source\ti\devices\cc32xx\driverlib\ticlang\Release\</path>
         <kind>archive</kind>
         <file>driverlib.a</file>
         <name>timer.obj</name>
      </input_file>
      <input_file id="fl-32">
         <path>C:\ti\simplelink_cc32xx_sdk_7_10_00_13\source\ti\devices\cc32xx\driverlib\ticlang\Release\</path>
         <kind>archive</kind>
         <file>driverlib.a</file>
         <name>uart.obj</name>
      </input_file>
      <input_file id="fl-33">
         <path>C:\ti\simplelink_cc32xx_sdk_7_10_00_13\source\ti\devices\cc32xx\driverlib\ticlang\Release\</path>
         <kind>archive</kind>
         <file>driverlib.a</file>
         <name>udma.obj</name>
      </input_file>
      <input_file id="fl-34">
         <path>C:\ti\simplelink_cc32xx_sdk_7_10_00_13\source\ti\devices\cc32xx\driverlib\ticlang\Release\</path>
         <kind>archive</kind>
         <file>driverlib.a</file>
         <name>utils.obj</name>
      </input_file>
      <input_file id="fl-35">
         <path>C:\ti\simplelink_cc32xx_sdk_7_10_00_13\source\ti\devices\cc32xx\driverlib\ticlang\Release\</path>
         <kind>archive</kind>
         <file>driverlib.a</file>
         <name>flash.obj</name>
      </input_file>
      <input_file id="fl-41">
         <path>C:\ti\ccs1240\ccs\tools\compiler\ti-cgt-armllvm_2.1.3.LTS\lib\armv7em-ti-none-eabi\c\</path>
         <kind>archive</kind>
         <file>libc.a</file>
         <name>snprintf.c.obj</name>
      </input_file>
      <input_file id="fl-42">
         <path>C:\ti\ccs1240\ccs\tools\compiler\ti-cgt-armllvm_2.1.3.LTS\lib\armv7em-ti-none-eabi\c\</path>
         <kind>archive</kind>
         <file>libc.a</file>
         <name>memory.c.obj</name>
      </input_file>
      <input_file id="fl-43">
         <path>C:\ti\ccs1240\ccs\tools\compiler\ti-cgt-armllvm_2.1.3.LTS\lib\armv7em-ti-none-eabi\c\</path>
         <kind>archive</kind>
         <file>libc.a</file>
         <name>copy_zero_init.c.obj</name>
      </input_file>
      <input_file id="fl-44">
         <path>C:\ti\ccs1240\ccs\tools\compiler\ti-cgt-armllvm_2.1.3.LTS\lib\armv7em-ti-none-eabi\c\</path>
         <kind>archive</kind>
         <file>libc.a</file>
         <name>copy_decompress_none.c.obj</name>
      </input_file>
      <input_file id="fl-45">
         <path>C:\ti\ccs1240\ccs\tools\compiler\ti-cgt-armllvm_2.1.3.LTS\lib\armv7em-ti-none-eabi\c\</path>
         <kind>archive</kind>
         <file>libc.a</file>
         <name>copy_decompress_lzss.c.obj</name>
      </input_file>
      <input_file id="fl-46">
         <path>C:\ti\ccs1240\ccs\tools\compiler\ti-cgt-armllvm_2.1.3.LTS\lib\armv7em-ti-none-eabi\c\</path>
         <kind>archive</kind>
         <file>libc.a</file>
         <name>boot_cortex_m.c.obj</name>
      </input_file>
      <input_file id="fl-47">
         <path>C:\ti\ccs1240\ccs\tools\compiler\ti-cgt-armllvm_2.1.3.LTS\lib\armv7em-ti-none-eabi\c\</path>
         <kind>archive</kind>
         <file>libc.a</file>
         <name>mathacl_init.c.obj</name>
      </input_file>
      <input_file id="fl-48">
         <path>C:\ti\ccs1240\ccs\tools\compiler\ti-cgt-armllvm_2.1.3.LTS\lib\armv7em-ti-none-eabi\c\</path>
         <kind>archive</kind>
         <file>libc.a</file>
         <name>_printfi.c.obj</name>
      </input_file>
      <input_file id="fl-49">
         <path>C:\ti\ccs1240\ccs\tools\compiler\ti-cgt-armllvm_2.1.3.LTS\lib\armv7em-ti-none-eabi\c\</path>
         <kind>archive</kind>
         <file>libc.a</file>
         <name>s_frexp.c.obj</name>
      </input_file>
      <input_file id="fl-4a">
         <path>C:\ti\ccs1240\ccs\tools\compiler\ti-cgt-armllvm_2.1.3.LTS\lib\armv7em-ti-none-eabi\c\</path>
         <kind>archive</kind>
         <file>libc.a</file>
         <name>s_scalbn.c.obj</name>
      </input_file>
      <input_file id="fl-4b">
         <path>C:\ti\ccs1240\ccs\tools\compiler\ti-cgt-armllvm_2.1.3.LTS\lib\armv7em-ti-none-eabi\c\</path>
         <kind>archive</kind>
         <file>libc.a</file>
         <name>aeabi_portable.c.obj</name>
      </input_file>
      <input_file id="fl-4c">
         <path>C:\ti\ccs1240\ccs\tools\compiler\ti-cgt-armllvm_2.1.3.LTS\lib\armv7em-ti-none-eabi\c\</path>
         <kind>archive</kind>
         <file>libc.a</file>
         <name>exit.c.obj</name>
      </input_file>
      <input_file id="fl-4d">
         <path>C:\ti\ccs1240\ccs\tools\compiler\ti-cgt-armllvm_2.1.3.LTS\lib\armv7em-ti-none-eabi\c\</path>
         <kind>archive</kind>
         <file>libc.a</file>
         <name>_lock.c.obj</name>
      </input_file>
      <input_file id="fl-4e">
         <path>C:\ti\ccs1240\ccs\tools\compiler\ti-cgt-armllvm_2.1.3.LTS\lib\armv7em-ti-none-eabi\c\</path>
         <kind>archive</kind>
         <file>libc.a</file>
         <name>_ltoa.c.obj</name>
      </input_file>
      <input_file id="fl-4f">
         <path>C:\ti\ccs1240\ccs\tools\compiler\ti-cgt-armllvm_2.1.3.LTS\lib\armv7em-ti-none-eabi\c\</path>
         <kind>archive</kind>
         <file>libc.a</file>
         <name>args_main.c.obj</name>
      </input_file>
      <input_file id="fl-50">
         <path>C:\ti\ccs1240\ccs\tools\compiler\ti-cgt-armllvm_2.1.3.LTS\lib\armv7em-ti-none-eabi\c\</path>
         <kind>archive</kind>
         <file>libc.a</file>
         <name>assert.c.obj</name>
      </input_file>
      <input_file id="fl-51">
         <path>C:\ti\ccs1240\ccs\tools\compiler\ti-cgt-armllvm_2.1.3.LTS\lib\armv7em-ti-none-eabi\c\</path>
         <kind>archive</kind>
         <file>libc.a</file>
         <name>atoi.c.obj</name>
      </input_file>
      <input_file id="fl-52">
         <path>C:\ti\ccs1240\ccs\tools\compiler\ti-cgt-armllvm_2.1.3.LTS\lib\armv7em-ti-none-eabi\c\</path>
         <kind>archive</kind>
         <file>libc.a</file>
         <name>defs.c.obj</name>
      </input_file>
      <input_file id="fl-53">
         <path>C:\ti\ccs1240\ccs\tools\compiler\ti-cgt-armllvm_2.1.3.LTS\lib\armv7em-ti-none-eabi\c\</path>
         <kind>archive</kind>
         <file>libc.a</file>
         <name>memccpy.c.obj</name>
      </input_file>
      <input_file id="fl-54">
         <path>C:\ti\ccs1240\ccs\tools\compiler\ti-cgt-armllvm_2.1.3.LTS\lib\armv7em-ti-none-eabi\c\</path>
         <kind>archive</kind>
         <file>libc.a</file>
         <name>autoinit.c.obj</name>
      </input_file>
      <input_file id="fl-55">
         <path>C:\ti\ccs1240\ccs\tools\compiler\ti-cgt-armllvm_2.1.3.LTS\lib\armv7em-ti-none-eabi\c\</path>
         <kind>archive</kind>
         <file>libc.a</file>
         <name>pre_init.c.obj</name>
      </input_file>
      <input_file id="fl-56">
         <path>C:\ti\ccs1240\ccs\tools\compiler\ti-cgt-armllvm_2.1.3.LTS\lib\armv7em-ti-none-eabi\c\</path>
         <kind>archive</kind>
         <file>libc.a</file>
         <name>cpy_tbl.c.obj</name>
      </input_file>
      <input_file id="fl-57">
         <path>C:\ti\ccs1240\ccs\tools\compiler\ti-cgt-armllvm_2.1.3.LTS\lib\armv7em-ti-none-eabi\c\</path>
         <kind>archive</kind>
         <file>libc.a</file>
         <name>wcslen.c.obj</name>
      </input_file>
      <input_file id="fl-58">
         <path>C:\ti\ccs1240\ccs\tools\compiler\ti-cgt-armllvm_2.1.3.LTS\lib\armv7em-ti-none-eabi\c\</path>
         <kind>archive</kind>
         <file>libc.a</file>
         <name>sprintf.c.obj</name>
      </input_file>
      <input_file id="fl-59">
         <path>C:\ti\ccs1240\ccs\tools\compiler\ti-cgt-armllvm_2.1.3.LTS\lib\armv7em-ti-none-eabi\c\</path>
         <kind>archive</kind>
         <file>libc.a</file>
         <name>fflush.c.obj</name>
      </input_file>
      <input_file id="fl-5a">
         <path>C:\ti\ccs1240\ccs\tools\compiler\ti-cgt-armllvm_2.1.3.LTS\lib\armv7em-ti-none-eabi\c\</path>
         <kind>archive</kind>
         <file>libc.a</file>
         <name>fputs.c.obj</name>
      </input_file>
      <input_file id="fl-5b">
         <path>C:\ti\ccs1240\ccs\tools\compiler\ti-cgt-armllvm_2.1.3.LTS\lib\armv7em-ti-none-eabi\c\</path>
         <kind>archive</kind>
         <file>libc.a</file>
         <name>_io_perm.c.obj</name>
      </input_file>
      <input_file id="fl-5c">
         <path>C:\ti\ccs1240\ccs\tools\compiler\ti-cgt-armllvm_2.1.3.LTS\lib\armv7em-ti-none-eabi\c\</path>
         <kind>archive</kind>
         <file>libc.a</file>
         <name>setvbuf.c.obj</name>
      </input_file>
      <input_file id="fl-5d">
         <path>C:\ti\ccs1240\ccs\tools\compiler\ti-cgt-armllvm_2.1.3.LTS\lib\armv7em-ti-none-eabi\c\</path>
         <kind>archive</kind>
         <file>libc.a</file>
         <name>aeabi_ctype.S.obj</name>
      </input_file>
      <input_file id="fl-5e">
         <path>C:\ti\ccs1240\ccs\tools\compiler\ti-cgt-armllvm_2.1.3.LTS\lib\armv7em-ti-none-eabi\c\</path>
         <kind>archive</kind>
         <file>libc.a</file>
         <name>fopen.c.obj</name>
      </input_file>
      <input_file id="fl-5f">
         <path>C:\ti\ccs1240\ccs\tools\compiler\ti-cgt-armllvm_2.1.3.LTS\lib\armv7em-ti-none-eabi\c\</path>
         <kind>archive</kind>
         <file>libc.a</file>
         <name>fseek.c.obj</name>
      </input_file>
      <input_file id="fl-60">
         <path>C:\ti\ccs1240\ccs\tools\compiler\ti-cgt-armllvm_2.1.3.LTS\lib\armv7em-ti-none-eabi\c\</path>
         <kind>archive</kind>
         <file>libc.a</file>
         <name>fclose.c.obj</name>
      </input_file>
      <input_file id="fl-99">
         <path>C:\ti\ccs1240\ccs\tools\compiler\ti-cgt-armllvm_2.1.3.LTS\lib\armv7em-ti-none-eabi\c\</path>
         <kind>archive</kind>
         <file>libsysbm.a</file>
         <name>write.c.obj</name>
      </input_file>
      <input_file id="fl-9a">
         <path>C:\ti\ccs1240\ccs\tools\compiler\ti-cgt-armllvm_2.1.3.LTS\lib\armv7em-ti-none-eabi\c\</path>
         <kind>archive</kind>
         <file>libsysbm.a</file>
         <name>host_device.c.obj</name>
      </input_file>
      <input_file id="fl-9b">
         <path>C:\ti\ccs1240\ccs\tools\compiler\ti-cgt-armllvm_2.1.3.LTS\lib\armv7em-ti-none-eabi\c\</path>
         <kind>archive</kind>
         <file>libsysbm.a</file>
         <name>remove.c.obj</name>
      </input_file>
      <input_file id="fl-9c">
         <path>C:\ti\ccs1240\ccs\tools\compiler\ti-cgt-armllvm_2.1.3.LTS\lib\armv7em-ti-none-eabi\c\</path>
         <kind>archive</kind>
         <file>libsysbm.a</file>
         <name>open.c.obj</name>
      </input_file>
      <input_file id="fl-9d">
         <path>C:\ti\ccs1240\ccs\tools\compiler\ti-cgt-armllvm_2.1.3.LTS\lib\armv7em-ti-none-eabi\c\</path>
         <kind>archive</kind>
         <file>libsysbm.a</file>
         <name>lseek.c.obj</name>
      </input_file>
      <input_file id="fl-9e">
         <path>C:\ti\ccs1240\ccs\tools\compiler\ti-cgt-armllvm_2.1.3.LTS\lib\armv7em-ti-none-eabi\c\</path>
         <kind>archive</kind>
         <file>libsysbm.a</file>
         <name>close.c.obj</name>
      </input_file>
      <input_file id="fl-9f">
         <path>C:\ti\ccs1240\ccs\tools\compiler\ti-cgt-armllvm_2.1.3.LTS\lib\armv7em-ti-none-eabi\c\</path>
         <kind>archive</kind>
         <file>libsysbm.a</file>
         <name>unlink.c.obj</name>
      </input_file>
      <input_file id="fl-a0">
         <path>C:\ti\ccs1240\ccs\tools\compiler\ti-cgt-armllvm_2.1.3.LTS\lib\armv7em-ti-none-eabi\c\</path>
         <kind>archive</kind>
         <file>libsysbm.a</file>
         <name>hostclose.c.obj</name>
      </input_file>
      <input_file id="fl-a1">
         <path>C:\ti\ccs1240\ccs\tools\compiler\ti-cgt-armllvm_2.1.3.LTS\lib\armv7em-ti-none-eabi\c\</path>
         <kind>archive</kind>
         <file>libsysbm.a</file>
         <name>hostlseek.c.obj</name>
      </input_file>
      <input_file id="fl-a2">
         <path>C:\ti\ccs1240\ccs\tools\compiler\ti-cgt-armllvm_2.1.3.LTS\lib\armv7em-ti-none-eabi\c\</path>
         <kind>archive</kind>
         <file>libsysbm.a</file>
         <name>hostopen.c.obj</name>
      </input_file>
      <input_file id="fl-a3">
         <path>C:\ti\ccs1240\ccs\tools\compiler\ti-cgt-armllvm_2.1.3.LTS\lib\armv7em-ti-none-eabi\c\</path>
         <kind>archive</kind>
         <file>libsysbm.a</file>
         <name>hostread.c.obj</name>
      </input_file>
      <input_file id="fl-a4">
         <path>C:\ti\ccs1240\ccs\tools\compiler\ti-cgt-armllvm_2.1.3.LTS\lib\armv7em-ti-none-eabi\c\</path>
         <kind>archive</kind>
         <file>libsysbm.a</file>
         <name>hostrename.c.obj</name>
      </input_file>
      <input_file id="fl-a5">
         <path>C:\ti\ccs1240\ccs\tools\compiler\ti-cgt-armllvm_2.1.3.LTS\lib\armv7em-ti-none-eabi\c\</path>
         <kind>archive</kind>
         <file>libsysbm.a</file>
         <name>hostunlink.c.obj</name>
      </input_file>
      <input_file id="fl-a6">
         <path>C:\ti\ccs1240\ccs\tools\compiler\ti-cgt-armllvm_2.1.3.LTS\lib\armv7em-ti-none-eabi\c\</path>
         <kind>archive</kind>
         <file>libsysbm.a</file>
         <name>hostwrite.c.obj</name>
      </input_file>
      <input_file id="fl-a7">
         <path>C:\ti\ccs1240\ccs\tools\compiler\ti-cgt-armllvm_2.1.3.LTS\lib\armv7em-ti-none-eabi\c\</path>
         <kind>archive</kind>
         <file>libsysbm.a</file>
         <name>trgmsg.c.obj</name>
      </input_file>
      <input_file id="fl-a8">
         <path>C:\ti\ccs1240\ccs\tools\compiler\ti-cgt-armllvm_2.1.3.LTS\lib\clang\14.0.6\lib\armv7em-ti-none-eabi\</path>
         <kind>archive</kind>
         <file>libclang_rt.builtins.a</file>
         <name>adddf3.S.obj</name>
      </input_file>
      <input_file id="fl-a9">
         <path>C:\ti\ccs1240\ccs\tools\compiler\ti-cgt-armllvm_2.1.3.LTS\lib\clang\14.0.6\lib\armv7em-ti-none-eabi\</path>
         <kind>archive</kind>
         <file>libclang_rt.builtins.a</file>
         <name>muldf3.S.obj</name>
      </input_file>
      <input_file id="fl-aa">
         <path>C:\ti\ccs1240\ccs\tools\compiler\ti-cgt-armllvm_2.1.3.LTS\lib\clang\14.0.6\lib\armv7em-ti-none-eabi\</path>
         <kind>archive</kind>
         <file>libclang_rt.builtins.a</file>
         <name>divdf3.S.obj</name>
      </input_file>
      <input_file id="fl-ab">
         <path>C:\ti\ccs1240\ccs\tools\compiler\ti-cgt-armllvm_2.1.3.LTS\lib\clang\14.0.6\lib\armv7em-ti-none-eabi\</path>
         <kind>archive</kind>
         <file>libclang_rt.builtins.a</file>
         <name>fixdfsi.S.obj</name>
      </input_file>
      <input_file id="fl-ac">
         <path>C:\ti\ccs1240\ccs\tools\compiler\ti-cgt-armllvm_2.1.3.LTS\lib\clang\14.0.6\lib\armv7em-ti-none-eabi\</path>
         <kind>archive</kind>
         <file>libclang_rt.builtins.a</file>
         <name>floatsidf.S.obj</name>
      </input_file>
      <input_file id="fl-ad">
         <path>C:\ti\ccs1240\ccs\tools\compiler\ti-cgt-armllvm_2.1.3.LTS\lib\clang\14.0.6\lib\armv7em-ti-none-eabi\</path>
         <kind>archive</kind>
         <file>libclang_rt.builtins.a</file>
         <name>aeabi_dcmp.S.obj</name>
      </input_file>
      <input_file id="fl-ae">
         <path>C:\ti\ccs1240\ccs\tools\compiler\ti-cgt-armllvm_2.1.3.LTS\lib\clang\14.0.6\lib\armv7em-ti-none-eabi\</path>
         <kind>archive</kind>
         <file>libclang_rt.builtins.a</file>
         <name>aeabi_memcpy.S.obj</name>
      </input_file>
      <input_file id="fl-af">
         <path>C:\ti\ccs1240\ccs\tools\compiler\ti-cgt-armllvm_2.1.3.LTS\lib\clang\14.0.6\lib\armv7em-ti-none-eabi\</path>
         <kind>archive</kind>
         <file>libclang_rt.builtins.a</file>
         <name>aeabi_memset.S.obj</name>
      </input_file>
      <input_file id="fl-b0">
         <path>C:\ti\ccs1240\ccs\tools\compiler\ti-cgt-armllvm_2.1.3.LTS\lib\clang\14.0.6\lib\armv7em-ti-none-eabi\</path>
         <kind>archive</kind>
         <file>libclang_rt.builtins.a</file>
         <name>aeabi_uldivmod.S.obj</name>
      </input_file>
      <input_file id="fl-b1">
         <path>C:\ti\ccs1240\ccs\tools\compiler\ti-cgt-armllvm_2.1.3.LTS\lib\clang\14.0.6\lib\armv7em-ti-none-eabi\</path>
         <kind>archive</kind>
         <file>libclang_rt.builtins.a</file>
         <name>udivmoddi4.S.obj</name>
      </input_file>
      <input_file id="fl-b2">
         <path>C:\ti\ccs1240\ccs\tools\compiler\ti-cgt-armllvm_2.1.3.LTS\lib\clang\14.0.6\lib\armv7em-ti-none-eabi\</path>
         <kind>archive</kind>
         <file>libclang_rt.builtins.a</file>
         <name>comparedf2.c.obj</name>
      </input_file>
      <input_file id="fl-b3">
         <path>C:\ti\ccs1240\ccs\tools\compiler\ti-cgt-armllvm_2.1.3.LTS\lib\clang\14.0.6\lib\armv7em-ti-none-eabi\</path>
         <kind>archive</kind>
         <file>libclang_rt.builtins.a</file>
         <name>aeabi_div0.c.obj</name>
      </input_file>
      <input_file id="fl-b4">
         <path>C:\ti\ccs1240\ccs\tools\compiler\ti-cgt-armllvm_2.1.3.LTS\lib\armv7em-ti-none-eabi\c\</path>
         <kind>archive</kind>
         <file>libc.a</file>
         <name>getdevice.c.obj</name>
      </input_file>
      <input_file id="fl-b5">
         <path>C:\ti\ccs1240\ccs\tools\compiler\ti-cgt-armllvm_2.1.3.LTS\lib\armv7em-ti-none-eabi\c\</path>
         <kind>archive</kind>
         <file>libc.a</file>
         <name>memcpy_t2.S.obj</name>
      </input_file>
      <input_file id="fl-b6">
         <path>C:\ti\ccs1240\ccs\tools\compiler\ti-cgt-armllvm_2.1.3.LTS\lib\armv7em-ti-none-eabi\c\</path>
         <kind>archive</kind>
         <file>libc.a</file>
         <name>memset_t2.S.obj</name>
      </input_file>
   </input_file_list>
   <object_component_list>
      <object_component id="oc-206">
         <name>.text:__TI_printfi_nofloat</name>
         <load_address>0x1000840</load_address>
         <run_address>0x1000840</run_address>
         <size>0x844</size>
         <input_file_ref idref="fl-48"/>
      </object_component>
      <object_component id="oc-c9">
         <name>.text.PRCMCC3200MCUInit</name>
         <load_address>0x1001084</load_address>
         <run_address>0x1001084</run_address>
         <size>0x4b8</size>
         <input_file_ref idref="fl-2e"/>
      </object_component>
      <object_component id="oc-233">
         <name>.text.Power_sleep</name>
         <load_address>0x100153c</load_address>
         <run_address>0x100153c</run_address>
         <size>0x3e4</size>
         <input_file_ref idref="fl-18"/>
      </object_component>
      <object_component id="oc-1d9">
         <name>.text.UART2CC32XX_hwiIntFxn</name>
         <load_address>0x1001920</load_address>
         <run_address>0x1001920</run_address>
         <size>0x222</size>
         <input_file_ref idref="fl-1d"/>
      </object_component>
      <object_component id="oc-d9">
         <name>.text.Board_initHook</name>
         <load_address>0x1001b42</load_address>
         <run_address>0x1001b42</run_address>
         <size>0x2</size>
         <input_file_ref idref="fl-2"/>
      </object_component>
      <object_component id="oc-142">
         <name>.text.UART2_open</name>
         <load_address>0x1001b44</load_address>
         <run_address>0x1001b44</run_address>
         <size>0x1cc</size>
         <input_file_ref idref="fl-1d"/>
      </object_component>
      <object_component id="oc-215">
         <name>.text.UART2_writeTimeoutBlocking</name>
         <load_address>0x1001d10</load_address>
         <run_address>0x1001d10</run_address>
         <size>0x174</size>
         <input_file_ref idref="fl-1c"/>
      </object_component>
      <object_component id="oc-1a2">
         <name>.text.PowerCC32XX_sleepPolicy</name>
         <load_address>0x1001e84</load_address>
         <run_address>0x1001e84</run_address>
         <size>0x150</size>
         <input_file_ref idref="fl-25"/>
      </object_component>
      <object_component id="oc-163">
         <name>.text.Timer_open</name>
         <load_address>0x1001fd4</load_address>
         <run_address>0x1001fd4</run_address>
         <size>0x148</size>
         <input_file_ref idref="fl-1b"/>
      </object_component>
      <object_component id="oc-fd">
         <name>.text.GPIO_setConfig</name>
         <load_address>0x100211c</load_address>
         <run_address>0x100211c</run_address>
         <size>0x140</size>
         <input_file_ref idref="fl-15"/>
      </object_component>
      <object_component id="oc-1e9">
         <name>.text.I2CCC32XX_hwiFxn</name>
         <load_address>0x100225c</load_address>
         <run_address>0x100225c</run_address>
         <size>0x138</size>
         <input_file_ref idref="fl-17"/>
      </object_component>
      <object_component id="oc-e6">
         <name>.text.initI2C</name>
         <load_address>0x1002394</load_address>
         <run_address>0x1002394</run_address>
         <size>0x138</size>
         <input_file_ref idref="fl-1"/>
      </object_component>
      <object_component id="oc-1ed">
         <name>.text.I2C_transferTimeout</name>
         <load_address>0x10024cc</load_address>
         <run_address>0x10024cc</run_address>
         <size>0x126</size>
         <input_file_ref idref="fl-16"/>
      </object_component>
      <object_component id="oc-149">
         <name>.text.I2C_init</name>
         <load_address>0x10025f2</load_address>
         <run_address>0x10025f2</run_address>
         <size>0x2</size>
         <input_file_ref idref="fl-16"/>
      </object_component>
      <object_component id="oc-2d3">
         <name>.text.aligned_alloc</name>
         <load_address>0x10025f4</load_address>
         <run_address>0x10025f4</run_address>
         <size>0x120</size>
         <input_file_ref idref="fl-42"/>
      </object_component>
      <object_component id="oc-214">
         <name>.text.UART2_writeTimeoutNonblocking</name>
         <load_address>0x1002714</load_address>
         <run_address>0x1002714</run_address>
         <size>0x11a</size>
         <input_file_ref idref="fl-1c"/>
      </object_component>
      <object_component id="oc-19d">
         <name>.text.PowerCC32XX_initPolicy</name>
         <load_address>0x100282e</load_address>
         <run_address>0x100282e</run_address>
         <size>0x2</size>
         <input_file_ref idref="fl-25"/>
      </object_component>
      <object_component id="oc-a7">
         <name>.text.mainThread</name>
         <load_address>0x1002830</load_address>
         <run_address>0x1002830</run_address>
         <size>0x118</size>
         <input_file_ref idref="fl-1"/>
      </object_component>
      <object_component id="oc-30a">
         <name>.text.uDMAChannelTransferSet</name>
         <load_address>0x1002948</load_address>
         <run_address>0x1002948</run_address>
         <size>0x112</size>
         <input_file_ref idref="fl-33"/>
      </object_component>
      <object_component id="oc-26e">
         <name>.text.SemaphoreP_destruct</name>
         <load_address>0x1002a5a</load_address>
         <run_address>0x1002a5a</run_address>
         <size>0x2</size>
         <input_file_ref idref="fl-22"/>
      </object_component>
      <object_component id="oc-20c">
         <name>.text</name>
         <load_address>0x1002a5c</load_address>
         <run_address>0x1002a5c</run_address>
         <size>0xfc</size>
         <input_file_ref idref="fl-a9"/>
      </object_component>
      <object_component id="oc-1a9">
         <name>.text.free</name>
         <load_address>0x1002b58</load_address>
         <run_address>0x1002b58</run_address>
         <size>0xf8</size>
         <input_file_ref idref="fl-42"/>
      </object_component>
      <object_component id="oc-14f">
         <name>.text.I2C_open</name>
         <load_address>0x1002c50</load_address>
         <run_address>0x1002c50</run_address>
         <size>0xe8</size>
         <input_file_ref idref="fl-17"/>
      </object_component>
      <object_component id="oc-1d4">
         <name>.text.UART2_close</name>
         <load_address>0x1002d38</load_address>
         <run_address>0x1002d38</run_address>
         <size>0xe8</size>
         <input_file_ref idref="fl-1d"/>
      </object_component>
      <object_component id="oc-27c">
         <name>.text.UART2Support_dmaStartRx</name>
         <load_address>0x1002e20</load_address>
         <run_address>0x1002e20</run_address>
         <size>0xcc</size>
         <input_file_ref idref="fl-1d"/>
      </object_component>
      <object_component id="oc-2ff">
         <name>.text.IntDisable</name>
         <load_address>0x1002eec</load_address>
         <run_address>0x1002eec</run_address>
         <size>0xc8</size>
         <input_file_ref idref="fl-2c"/>
      </object_component>
      <object_component id="oc-265">
         <name>.text.IntEnable</name>
         <load_address>0x1002fb4</load_address>
         <run_address>0x1002fb4</run_address>
         <size>0xc8</size>
         <input_file_ref idref="fl-2c"/>
      </object_component>
      <object_component id="oc-1d0">
         <name>.text.UART2CC32XX_initHw</name>
         <load_address>0x100307c</load_address>
         <run_address>0x100307c</run_address>
         <size>0xc4</size>
         <input_file_ref idref="fl-1d"/>
      </object_component>
      <object_component id="oc-27f">
         <name>.text.UART2Support_dmaStartTx</name>
         <load_address>0x1003140</load_address>
         <run_address>0x1003140</run_address>
         <size>0xb8</size>
         <input_file_ref idref="fl-1d"/>
      </object_component>
      <object_component id="oc-2da">
         <name>.text</name>
         <load_address>0x10031f8</load_address>
         <run_address>0x10031f8</run_address>
         <size>0xb0</size>
         <input_file_ref idref="fl-b1"/>
      </object_component>
      <object_component id="oc-218">
         <name>.text.GPIOIntTypeSet</name>
         <load_address>0x10032a8</load_address>
         <run_address>0x10032a8</run_address>
         <size>0xac</size>
         <input_file_ref idref="fl-29"/>
      </object_component>
      <object_component id="oc-363">
         <name>.text.IntPendSet</name>
         <load_address>0x1003354</load_address>
         <run_address>0x1003354</run_address>
         <size>0xa4</size>
         <input_file_ref idref="fl-2c"/>
      </object_component>
      <object_component id="oc-17f">
         <name>.text.PinConfigSet</name>
         <load_address>0x10033f8</load_address>
         <run_address>0x10033f8</run_address>
         <size>0xa2</size>
         <input_file_ref idref="fl-2d"/>
      </object_component>
      <object_component id="oc-292">
         <name>.text.I2CCC32XX_completeTransfer</name>
         <load_address>0x100349a</load_address>
         <run_address>0x100349a</run_address>
         <size>0x9c</size>
         <input_file_ref idref="fl-17"/>
      </object_component>
      <object_component id="oc-283">
         <name>.text.I2CMasterInitExpClk</name>
         <load_address>0x1003536</load_address>
         <run_address>0x1003536</run_address>
         <size>0x98</size>
         <input_file_ref idref="fl-2b"/>
      </object_component>
      <object_component id="oc-15c">
         <name>.text.Timer_init</name>
         <load_address>0x10035ce</load_address>
         <run_address>0x10035ce</run_address>
         <size>0x2</size>
         <input_file_ref idref="fl-1a"/>
      </object_component>
      <object_component id="oc-133">
         <name>.text.SemaphoreP_pend</name>
         <load_address>0x10035d0</load_address>
         <run_address>0x10035d0</run_address>
         <size>0x98</size>
         <input_file_ref idref="fl-22"/>
      </object_component>
      <object_component id="oc-130">
         <name>.text.HwiP_disable</name>
         <load_address>0x1003668</load_address>
         <run_address>0x1003668</run_address>
         <size>0x8</size>
         <input_file_ref idref="fl-24"/>
      </object_component>
      <object_component id="oc-2e6">
         <name>.text</name>
         <load_address>0x1003670</load_address>
         <run_address>0x1003670</run_address>
         <size>0x96</size>
         <input_file_ref idref="fl-19"/>
      </object_component>
      <object_component id="oc-1d7">
         <name>.text.UART2CC32XX_eventCallback</name>
         <load_address>0x1003706</load_address>
         <run_address>0x1003706</run_address>
         <size>0x2</size>
         <input_file_ref idref="fl-1d"/>
      </object_component>
      <object_component id="oc-17b">
         <name>.text.readTemp</name>
         <load_address>0x1003708</load_address>
         <run_address>0x1003708</run_address>
         <size>0x94</size>
         <input_file_ref idref="fl-1"/>
      </object_component>
      <object_component id="oc-25e">
         <name>.text.uDMAChannelAttributeDisable</name>
         <load_address>0x100379c</load_address>
         <run_address>0x100379c</run_address>
         <size>0x92</size>
         <input_file_ref idref="fl-33"/>
      </object_component>
      <object_component id="oc-352">
         <name>.text.__aeabi_ldiv0</name>
         <load_address>0x100382e</load_address>
         <run_address>0x100382e</run_address>
         <size>0x2</size>
         <input_file_ref idref="fl-b3"/>
      </object_component>
      <object_component id="oc-d3">
         <name>.text.GPIO_init</name>
         <load_address>0x1003830</load_address>
         <run_address>0x1003830</run_address>
         <size>0x90</size>
         <input_file_ref idref="fl-15"/>
      </object_component>
      <object_component id="oc-112">
         <name>.text.PRCMSysResetCauseGet</name>
         <load_address>0x10038c0</load_address>
         <run_address>0x10038c0</run_address>
         <size>0x8e</size>
         <input_file_ref idref="fl-2e"/>
      </object_component>
      <object_component id="oc-188">
         <name>.text._nop</name>
         <load_address>0x100394e</load_address>
         <run_address>0x100394e</run_address>
         <size>0x2</size>
         <input_file_ref idref="fl-4d"/>
      </object_component>
      <object_component id="oc-124">
         <name>.text.PowerCC32XX_configureWakeup</name>
         <load_address>0x1003950</load_address>
         <run_address>0x1003950</run_address>
         <size>0x88</size>
         <input_file_ref idref="fl-18"/>
      </object_component>
      <object_component id="oc-28f">
         <name>.text.I2CCC32XX_primeReadBurst</name>
         <load_address>0x10039d8</load_address>
         <run_address>0x10039d8</run_address>
         <size>0x7a</size>
         <input_file_ref idref="fl-17"/>
      </object_component>
      <object_component id="oc-4f">
         <name>.text.busFaultHandler</name>
         <load_address>0x1003a52</load_address>
         <run_address>0x1003a52</run_address>
         <size>0x2</size>
         <input_file_ref idref="fl-26"/>
      </object_component>
      <object_component id="oc-ce">
         <name>.text.Power_init</name>
         <load_address>0x1003a54</load_address>
         <run_address>0x1003a54</run_address>
         <size>0x78</size>
         <input_file_ref idref="fl-18"/>
      </object_component>
      <object_component id="oc-1d2">
         <name>.text.HwiP_construct</name>
         <load_address>0x1003acc</load_address>
         <run_address>0x1003acc</run_address>
         <size>0x74</size>
         <input_file_ref idref="fl-24"/>
      </object_component>
      <object_component id="oc-19a">
         <name>.text.PRCMHibernateWakeUpGPIOSelect</name>
         <load_address>0x1003b40</load_address>
         <run_address>0x1003b40</run_address>
         <size>0x74</size>
         <input_file_ref idref="fl-2e"/>
      </object_component>
      <object_component id="oc-253">
         <name>.text.UARTConfigSetExpClk</name>
         <load_address>0x1003bb4</load_address>
         <run_address>0x1003bb4</run_address>
         <size>0x74</size>
         <input_file_ref idref="fl-32"/>
      </object_component>
      <object_component id="oc-2e4">
         <name>.text.PinLockLevelSet</name>
         <load_address>0x1003c28</load_address>
         <run_address>0x1003c28</run_address>
         <size>0x6c</size>
         <input_file_ref idref="fl-2d"/>
      </object_component>
      <object_component id="oc-180">
         <name>.text.Power_setDependency</name>
         <load_address>0x1003c94</load_address>
         <run_address>0x1003c94</run_address>
         <size>0x6c</size>
         <input_file_ref idref="fl-18"/>
      </object_component>
      <object_component id="oc-1ce">
         <name>.text.UDMACC32XX_open</name>
         <load_address>0x1003d00</load_address>
         <run_address>0x1003d00</run_address>
         <size>0x6c</size>
         <input_file_ref idref="fl-20"/>
      </object_component>
      <object_component id="oc-13a">
         <name>.text.powerNotifyFxn</name>
         <load_address>0x1003d6c</load_address>
         <run_address>0x1003d6c</run_address>
         <size>0x6c</size>
         <input_file_ref idref="fl-15"/>
      </object_component>
      <object_component id="oc-34f">
         <name>.text.split</name>
         <load_address>0x1003dd8</load_address>
         <run_address>0x1003dd8</run_address>
         <size>0x6c</size>
         <input_file_ref idref="fl-42"/>
      </object_component>
      <object_component id="oc-11a">
         <name>.text.PRCMPeripheralReset</name>
         <load_address>0x1003e44</load_address>
         <run_address>0x1003e44</run_address>
         <size>0x6a</size>
         <input_file_ref idref="fl-2e"/>
      </object_component>
      <object_component id="oc-19">
         <name>.text:decompress:lzss</name>
         <load_address>0x1003eae</load_address>
         <run_address>0x1003eae</run_address>
         <size>0x6a</size>
         <input_file_ref idref="fl-45"/>
      </object_component>
      <object_component id="oc-1e4">
         <name>.text.I2CCC32XX_initHw</name>
         <load_address>0x1003f18</load_address>
         <run_address>0x1003f18</run_address>
         <size>0x68</size>
         <input_file_ref idref="fl-17"/>
      </object_component>
      <object_component id="oc-262">
         <name>.text.IntPendClear</name>
         <load_address>0x1003f80</load_address>
         <run_address>0x1003f80</run_address>
         <size>0x68</size>
         <input_file_ref idref="fl-2c"/>
      </object_component>
      <object_component id="oc-290">
         <name>.text.I2CCC32XX_primeWriteBurst</name>
         <load_address>0x1003fe8</load_address>
         <run_address>0x1003fe8</run_address>
         <size>0x66</size>
         <input_file_ref idref="fl-17"/>
      </object_component>
      <object_component id="oc-1b0">
         <name>.text.clkFxn</name>
         <load_address>0x100404e</load_address>
         <run_address>0x100404e</run_address>
         <size>0x2</size>
         <input_file_ref idref="fl-22"/>
      </object_component>
      <object_component id="oc-e8">
         <name>.text.GPIO_write</name>
         <load_address>0x1004050</load_address>
         <run_address>0x1004050</run_address>
         <size>0x60</size>
         <input_file_ref idref="fl-15"/>
      </object_component>
      <object_component id="oc-27e">
         <name>.text.UART2Support_dmaStopTx</name>
         <load_address>0x10040b0</load_address>
         <run_address>0x10040b0</run_address>
         <size>0x60</size>
         <input_file_ref idref="fl-1d"/>
      </object_component>
      <object_component id="oc-35e">
         <name>.text.FlashDisable</name>
         <load_address>0x1004110</load_address>
         <run_address>0x1004110</run_address>
         <size>0x5c</size>
         <input_file_ref idref="fl-35"/>
      </object_component>
      <object_component id="oc-295">
         <name>.text.I2CSupport_primeTransfer</name>
         <load_address>0x100416c</load_address>
         <run_address>0x100416c</run_address>
         <size>0x5c</size>
         <input_file_ref idref="fl-17"/>
      </object_component>
      <object_component id="oc-19c">
         <name>.text.PRCMHibernateWakeupSourceDisable</name>
         <load_address>0x10041c8</load_address>
         <run_address>0x10041c8</run_address>
         <size>0x5c</size>
         <input_file_ref idref="fl-2e"/>
      </object_component>
      <object_component id="oc-1f1">
         <name>.text.TimerCC32XX_allocateTimerResource</name>
         <load_address>0x1004224</load_address>
         <run_address>0x1004224</run_address>
         <size>0x5c</size>
         <input_file_ref idref="fl-1b"/>
      </object_component>
      <object_component id="oc-119">
         <name>.text.PRCMPeripheralClkEnable</name>
         <load_address>0x1004280</load_address>
         <run_address>0x1004280</run_address>
         <size>0x5a</size>
         <input_file_ref idref="fl-2e"/>
      </object_component>
      <object_component id="oc-4e">
         <name>.text.defaultHandler</name>
         <load_address>0x10042da</load_address>
         <run_address>0x10042da</run_address>
         <size>0x2</size>
         <input_file_ref idref="fl-26"/>
      </object_component>
      <object_component id="oc-2d8">
         <name>.text.ClockP_startup</name>
         <load_address>0x10042dc</load_address>
         <run_address>0x10042dc</run_address>
         <size>0x58</size>
         <input_file_ref idref="fl-23"/>
      </object_component>
      <object_component id="oc-264">
         <name>.text.IntPrioritySet</name>
         <load_address>0x1004334</load_address>
         <run_address>0x1004334</run_address>
         <size>0x58</size>
         <input_file_ref idref="fl-2c"/>
      </object_component>
      <object_component id="oc-2f0">
         <name>.text.PRCMLPDSEnter</name>
         <load_address>0x100438c</load_address>
         <run_address>0x100438c</run_address>
         <size>0x56</size>
         <input_file_ref idref="fl-2e"/>
      </object_component>
      <object_component id="oc-4d">
         <name>.text.faultISR</name>
         <load_address>0x10043e2</load_address>
         <run_address>0x10043e2</run_address>
         <size>0x2</size>
         <input_file_ref idref="fl-26"/>
      </object_component>
      <object_component id="oc-1bc">
         <name>.text.PowerCC32XX_setParkState</name>
         <load_address>0x10043e4</load_address>
         <run_address>0x10043e4</run_address>
         <size>0x54</size>
         <input_file_ref idref="fl-18"/>
      </object_component>
      <object_component id="oc-271">
         <name>.text.Power_releaseDependency</name>
         <load_address>0x1004438</load_address>
         <run_address>0x1004438</run_address>
         <size>0x54</size>
         <input_file_ref idref="fl-18"/>
      </object_component>
      <object_component id="oc-187">
         <name>.text.GPIO_hwiIntFxn</name>
         <load_address>0x100448c</load_address>
         <run_address>0x100448c</run_address>
         <size>0x50</size>
         <input_file_ref idref="fl-15"/>
      </object_component>
      <object_component id="oc-19b">
         <name>.text.PRCMHibernateWakeupSourceEnable</name>
         <load_address>0x10044dc</load_address>
         <run_address>0x10044dc</run_address>
         <size>0x50</size>
         <input_file_ref idref="fl-2e"/>
      </object_component>
      <object_component id="oc-23c">
         <name>.text.SemaphoreP_construct</name>
         <load_address>0x100452c</load_address>
         <run_address>0x100452c</run_address>
         <size>0x50</size>
         <input_file_ref idref="fl-22"/>
      </object_component>
      <object_component id="oc-25d">
         <name>.text.uDMAChannelAssign</name>
         <load_address>0x100457c</load_address>
         <run_address>0x100457c</run_address>
         <size>0x4e</size>
         <input_file_ref idref="fl-33"/>
      </object_component>
      <object_component id="oc-4c">
         <name>.text.nmiISR</name>
         <load_address>0x10045ca</load_address>
         <run_address>0x10045ca</run_address>
         <size>0x2</size>
         <input_file_ref idref="fl-26"/>
      </object_component>
      <object_component id="oc-184">
         <name>.text.GPIO_setInterruptConfig</name>
         <load_address>0x10045cc</load_address>
         <run_address>0x10045cc</run_address>
         <size>0x4c</size>
         <input_file_ref idref="fl-15"/>
      </object_component>
      <object_component id="oc-35c">
         <name>.text.PRCMLPDSRestoreInfoSet</name>
         <load_address>0x1004618</load_address>
         <run_address>0x1004618</run_address>
         <size>0x4c</size>
         <input_file_ref idref="fl-2e"/>
      </object_component>
      <object_component id="oc-f6">
         <name>.text.TickFct_readTemp</name>
         <load_address>0x1004664</load_address>
         <run_address>0x1004664</run_address>
         <size>0x4c</size>
         <input_file_ref idref="fl-1"/>
      </object_component>
      <object_component id="oc-1f5">
         <name>.text.initHw</name>
         <load_address>0x10046b0</load_address>
         <run_address>0x10046b0</run_address>
         <size>0x4c</size>
         <input_file_ref idref="fl-1b"/>
      </object_component>
      <object_component id="oc-27a">
         <name>.text.UART2Support_dmaStopRx</name>
         <load_address>0x10046fc</load_address>
         <run_address>0x10046fc</run_address>
         <size>0x4a</size>
         <input_file_ref idref="fl-1d"/>
      </object_component>
      <object_component id="oc-1f4">
         <name>.text.getPrescaler</name>
         <load_address>0x1004746</load_address>
         <run_address>0x1004746</run_address>
         <size>0x4a</size>
         <input_file_ref idref="fl-1b"/>
      </object_component>
      <object_component id="oc-306">
         <name>.text.uDMAChannelSizeGet</name>
         <load_address>0x1004790</load_address>
         <run_address>0x1004790</run_address>
         <size>0x4a</size>
         <input_file_ref idref="fl-33"/>
      </object_component>
      <object_component id="oc-50">
         <name>.text.ClockP_sysTickHandler</name>
         <load_address>0x10047dc</load_address>
         <run_address>0x10047dc</run_address>
         <size>0x48</size>
         <input_file_ref idref="fl-23"/>
      </object_component>
      <object_component id="oc-2ea">
         <name>.text.PRCMIntEnable</name>
         <load_address>0x1004824</load_address>
         <run_address>0x1004824</run_address>
         <size>0x48</size>
         <input_file_ref idref="fl-2e"/>
      </object_component>
      <object_component id="oc-216">
         <name>.text.PRCMPeripheralStatusGet</name>
         <load_address>0x100486c</load_address>
         <run_address>0x100486c</run_address>
         <size>0x48</size>
         <input_file_ref idref="fl-2e"/>
      </object_component>
      <object_component id="oc-359">
         <name>.text.PinConfigGet</name>
         <load_address>0x10048b4</load_address>
         <run_address>0x10048b4</run_address>
         <size>0x48</size>
         <input_file_ref idref="fl-2d"/>
      </object_component>
      <object_component id="oc-f5">
         <name>.text.TickFct_chkButton</name>
         <load_address>0x10048fc</load_address>
         <run_address>0x10048fc</run_address>
         <size>0x48</size>
         <input_file_ref idref="fl-1"/>
      </object_component>
      <object_component id="oc-2b4">
         <name>.text.atoi</name>
         <load_address>0x1004944</load_address>
         <run_address>0x1004944</run_address>
         <size>0x48</size>
         <input_file_ref idref="fl-51"/>
      </object_component>
      <object_component id="oc-210">
         <name>.text</name>
         <load_address>0x100498c</load_address>
         <run_address>0x100498c</run_address>
         <size>0x48</size>
         <input_file_ref idref="fl-ab"/>
      </object_component>
      <object_component id="oc-28e">
         <name>.text.I2CCC32XX_fillTransmitFifo</name>
         <load_address>0x10049d4</load_address>
         <run_address>0x10049d4</run_address>
         <size>0x46</size>
         <input_file_ref idref="fl-17"/>
      </object_component>
      <object_component id="oc-2ef">
         <name>.text.PRCMLPDSEnterKeepDebugIf</name>
         <load_address>0x1004a1a</load_address>
         <run_address>0x1004a1a</run_address>
         <size>0x46</size>
         <input_file_ref idref="fl-2e"/>
      </object_component>
      <object_component id="oc-304">
         <name>.text.RingBuf_put</name>
         <load_address>0x1004a60</load_address>
         <run_address>0x1004a60</run_address>
         <size>0x46</size>
         <input_file_ref idref="fl-1f"/>
      </object_component>
      <object_component id="oc-183">
         <name>.text.GPIODirModeSet</name>
         <load_address>0x1004aa6</load_address>
         <run_address>0x1004aa6</run_address>
         <size>0x44</size>
         <input_file_ref idref="fl-29"/>
      </object_component>
      <object_component id="oc-219">
         <name>.text.GPIO_disableInt</name>
         <load_address>0x1004aec</load_address>
         <run_address>0x1004aec</run_address>
         <size>0x44</size>
         <input_file_ref idref="fl-15"/>
      </object_component>
      <object_component id="oc-ee">
         <name>.text.GPIO_enableInt</name>
         <load_address>0x1004b30</load_address>
         <run_address>0x1004b30</run_address>
         <size>0x44</size>
         <input_file_ref idref="fl-15"/>
      </object_component>
      <object_component id="oc-27d">
         <name>.text.Power_releaseConstraint</name>
         <load_address>0x1004b74</load_address>
         <run_address>0x1004b74</run_address>
         <size>0x44</size>
         <input_file_ref idref="fl-18"/>
      </object_component>
      <object_component id="oc-169">
         <name>.text.Timer_start</name>
         <load_address>0x1004bb8</load_address>
         <run_address>0x1004bb8</run_address>
         <size>0x44</size>
         <input_file_ref idref="fl-1a"/>
      </object_component>
      <object_component id="oc-74">
         <name>.text.addToList</name>
         <load_address>0x1004bfc</load_address>
         <run_address>0x1004bfc</run_address>
         <size>0x44</size>
         <input_file_ref idref="fl-23"/>
      </object_component>
      <object_component id="oc-e7">
         <name>.text.initTimer</name>
         <load_address>0x1004c40</load_address>
         <run_address>0x1004c40</run_address>
         <size>0x44</size>
         <input_file_ref idref="fl-1"/>
      </object_component>
      <object_component id="oc-ef">
         <name>.text.snprintf</name>
         <load_address>0x1004c84</load_address>
         <run_address>0x1004c84</run_address>
         <size>0x44</size>
         <input_file_ref idref="fl-41"/>
      </object_component>
      <object_component id="oc-121">
         <name>.text.PinModeSet</name>
         <load_address>0x1004cc8</load_address>
         <run_address>0x1004cc8</run_address>
         <size>0x42</size>
         <input_file_ref idref="fl-2d"/>
      </object_component>
      <object_component id="oc-2a5">
         <name>.text.TimerControlStall</name>
         <load_address>0x1004d0a</load_address>
         <run_address>0x1004d0a</run_address>
         <size>0x42</size>
         <input_file_ref idref="fl-31"/>
      </object_component>
      <object_component id="oc-1f3">
         <name>.text.Timer_close</name>
         <load_address>0x1004d4c</load_address>
         <run_address>0x1004d4c</run_address>
         <size>0x42</size>
         <input_file_ref idref="fl-1b"/>
      </object_component>
      <object_component id="oc-228">
         <name>.text.getCountsRTC</name>
         <load_address>0x1004d8e</load_address>
         <run_address>0x1004d8e</run_address>
         <size>0x42</size>
         <input_file_ref idref="fl-25"/>
      </object_component>
      <object_component id="oc-135">
         <name>.text.SemaphoreP_post</name>
         <load_address>0x1004dd0</load_address>
         <run_address>0x1004dd0</run_address>
         <size>0x40</size>
         <input_file_ref idref="fl-22"/>
      </object_component>
      <object_component id="oc-29b">
         <name>.text.Timer_stop</name>
         <load_address>0x1004e10</load_address>
         <run_address>0x1004e10</run_address>
         <size>0x40</size>
         <input_file_ref idref="fl-1a"/>
      </object_component>
      <object_component id="oc-309">
         <name>.text.uDMAChannelControlSet</name>
         <load_address>0x1004e50</load_address>
         <run_address>0x1004e50</run_address>
         <size>0x40</size>
         <input_file_ref idref="fl-33"/>
      </object_component>
      <object_component id="oc-35b">
         <name>.text.PinDirModeSet</name>
         <load_address>0x1004e90</load_address>
         <run_address>0x1004e90</run_address>
         <size>0x3e</size>
         <input_file_ref idref="fl-2d"/>
      </object_component>
      <object_component id="oc-240">
         <name>.text.ClockP_stop</name>
         <load_address>0x1004ed0</load_address>
         <run_address>0x1004ed0</run_address>
         <size>0x3c</size>
         <input_file_ref idref="fl-23"/>
      </object_component>
      <object_component id="oc-1c9">
         <name>.text.UDMACC32XX_init</name>
         <load_address>0x1004f0c</load_address>
         <run_address>0x1004f0c</run_address>
         <size>0x3c</size>
         <input_file_ref idref="fl-20"/>
      </object_component>
      <object_component id="oc-1fd">
         <name>.text.TimerSupport_timerEnable</name>
         <load_address>0x1004f48</load_address>
         <run_address>0x1004f48</run_address>
         <size>0x3a</size>
         <input_file_ref idref="fl-1b"/>
      </object_component>
      <object_component id="oc-1af">
         <name>.text.ClockP_destruct</name>
         <load_address>0x1004f84</load_address>
         <run_address>0x1004f84</run_address>
         <size>0x38</size>
         <input_file_ref idref="fl-23"/>
      </object_component>
      <object_component id="oc-2aa">
         <name>.text.Power_setConstraint</name>
         <load_address>0x1004fbc</load_address>
         <run_address>0x1004fbc</run_address>
         <size>0x38</size>
         <input_file_ref idref="fl-18"/>
      </object_component>
      <object_component id="oc-2ce">
         <name>.text.RingBuf_putAdvance</name>
         <load_address>0x1004ff4</load_address>
         <run_address>0x1004ff4</run_address>
         <size>0x38</size>
         <input_file_ref idref="fl-1f"/>
      </object_component>
      <object_component id="oc-239">
         <name>.text.SwiP_restore</name>
         <load_address>0x100502c</load_address>
         <run_address>0x100502c</run_address>
         <size>0x38</size>
         <input_file_ref idref="fl-27"/>
      </object_component>
      <object_component id="oc-26f">
         <name>.text.UDMACC32XX_close</name>
         <load_address>0x1005064</load_address>
         <run_address>0x1005064</run_address>
         <size>0x38</size>
         <input_file_ref idref="fl-20"/>
      </object_component>
      <object_component id="oc-b6">
         <name>.text:__TI_auto_init_nobinit_nopinit</name>
         <load_address>0x100509c</load_address>
         <run_address>0x100509c</run_address>
         <size>0x38</size>
         <input_file_ref idref="fl-54"/>
      </object_component>
      <object_component id="oc-2e5">
         <name>.text.PinLock</name>
         <load_address>0x10050d4</load_address>
         <run_address>0x10050d4</run_address>
         <size>0x36</size>
         <input_file_ref idref="fl-2d"/>
      </object_component>
      <object_component id="oc-1fa">
         <name>.text.TimerCC32XX_hwiIntFunction</name>
         <load_address>0x100510a</load_address>
         <run_address>0x100510a</run_address>
         <size>0x36</size>
         <input_file_ref idref="fl-1b"/>
      </object_component>
      <object_component id="oc-34d">
         <name>.text.UARTCharPutNonBlocking</name>
         <load_address>0x1005140</load_address>
         <run_address>0x1005140</run_address>
         <size>0x36</size>
         <input_file_ref idref="fl-32"/>
      </object_component>
      <object_component id="oc-1ac">
         <name>.text.ClockP_start</name>
         <load_address>0x1005178</load_address>
         <run_address>0x1005178</run_address>
         <size>0x34</size>
         <input_file_ref idref="fl-23"/>
      </object_component>
      <object_component id="oc-310">
         <name>.text.I2CFIFODataPutNonBlocking</name>
         <load_address>0x10051ac</load_address>
         <run_address>0x10051ac</run_address>
         <size>0x34</size>
         <input_file_ref idref="fl-2b"/>
      </object_component>
      <object_component id="oc-35a">
         <name>.text.PinDirModeGet</name>
         <load_address>0x10051e0</load_address>
         <run_address>0x10051e0</run_address>
         <size>0x34</size>
         <input_file_ref idref="fl-2d"/>
      </object_component>
      <object_component id="oc-11c">
         <name>.text.PinModeGet</name>
         <load_address>0x1005214</load_address>
         <run_address>0x1005214</run_address>
         <size>0x34</size>
         <input_file_ref idref="fl-2d"/>
      </object_component>
      <object_component id="oc-2e3">
         <name>.text.PowerCC32XX_parkPin</name>
         <load_address>0x1005248</load_address>
         <run_address>0x1005248</run_address>
         <size>0x34</size>
         <input_file_ref idref="fl-18"/>
      </object_component>
      <object_component id="oc-29d">
         <name>.text.TimerCC32XX_freeTimerResource</name>
         <load_address>0x100527c</load_address>
         <run_address>0x100527c</run_address>
         <size>0x34</size>
         <input_file_ref idref="fl-1b"/>
      </object_component>
      <object_component id="oc-26b">
         <name>.text.UART2_rxDisable</name>
         <load_address>0x10052b0</load_address>
         <run_address>0x10052b0</run_address>
         <size>0x34</size>
         <input_file_ref idref="fl-1c"/>
      </object_component>
      <object_component id="oc-47">
         <name>.text.initVectors</name>
         <load_address>0x10052e4</load_address>
         <run_address>0x10052e4</run_address>
         <size>0x34</size>
         <input_file_ref idref="fl-26"/>
      </object_component>
      <object_component id="oc-225">
         <name>.text.ClockP_getTicksUntilInterrupt</name>
         <load_address>0x1005318</load_address>
         <run_address>0x1005318</run_address>
         <size>0x30</size>
         <input_file_ref idref="fl-23"/>
      </object_component>
      <object_component id="oc-28d">
         <name>.text.I2CFIFODataGetNonBlocking</name>
         <load_address>0x1005348</load_address>
         <run_address>0x1005348</run_address>
         <size>0x30</size>
         <input_file_ref idref="fl-2b"/>
      </object_component>
      <object_component id="oc-232">
         <name>.text.PRCMLPDSIntervalSet</name>
         <load_address>0x1005378</load_address>
         <run_address>0x1005378</run_address>
         <size>0x30</size>
         <input_file_ref idref="fl-2e"/>
      </object_component>
      <object_component id="oc-2d9">
         <name>.text.PRCMSlowClkCtrFastGet</name>
         <load_address>0x10053a8</load_address>
         <run_address>0x10053a8</run_address>
         <size>0x30</size>
         <input_file_ref idref="fl-2e"/>
      </object_component>
      <object_component id="oc-2a4">
         <name>.text.TimerLoadSet</name>
         <load_address>0x10053d8</load_address>
         <run_address>0x10053d8</run_address>
         <size>0x30</size>
         <input_file_ref idref="fl-31"/>
      </object_component>
      <object_component id="oc-2a3">
         <name>.text.TimerPrescaleSet</name>
         <load_address>0x1005408</load_address>
         <run_address>0x1005408</run_address>
         <size>0x30</size>
         <input_file_ref idref="fl-31"/>
      </object_component>
      <object_component id="oc-177">
         <name>.text._outs</name>
         <load_address>0x1005438</load_address>
         <run_address>0x1005438</run_address>
         <size>0x30</size>
         <input_file_ref idref="fl-41"/>
      </object_component>
      <object_component id="oc-2e1">
         <name>.text.notify</name>
         <load_address>0x1005468</load_address>
         <run_address>0x1005468</run_address>
         <size>0x30</size>
         <input_file_ref idref="fl-18"/>
      </object_component>
      <object_component id="oc-21b">
         <name>.text.GPIOIntStatus</name>
         <load_address>0x1005498</load_address>
         <run_address>0x1005498</run_address>
         <size>0x2e</size>
         <input_file_ref idref="fl-29"/>
      </object_component>
      <object_component id="oc-30d">
         <name>.text.RingBuf_getConsume</name>
         <load_address>0x10054c6</load_address>
         <run_address>0x10054c6</run_address>
         <size>0x2e</size>
         <input_file_ref idref="fl-1f"/>
      </object_component>
      <object_component id="oc-2cd">
         <name>.text.RingBuf_putPointer</name>
         <load_address>0x10054f4</load_address>
         <run_address>0x10054f4</run_address>
         <size>0x2e</size>
         <input_file_ref idref="fl-1f"/>
      </object_component>
      <object_component id="oc-26c">
         <name>.text.UARTDisable</name>
         <load_address>0x1005522</load_address>
         <run_address>0x1005522</run_address>
         <size>0x2e</size>
         <input_file_ref idref="fl-32"/>
      </object_component>
      <object_component id="oc-208">
         <name>.text</name>
         <load_address>0x1005550</load_address>
         <run_address>0x1005550</run_address>
         <size>0x2e</size>
         <input_file_ref idref="fl-ac"/>
      </object_component>
      <object_component id="oc-28c">
         <name>.text.I2CMasterIntStatusEx</name>
         <load_address>0x100557e</load_address>
         <run_address>0x100557e</run_address>
         <size>0x2c</size>
         <input_file_ref idref="fl-2b"/>
      </object_component>
      <object_component id="oc-277">
         <name>.text.UART2CC32XX_getRxData</name>
         <load_address>0x10055aa</load_address>
         <run_address>0x10055aa</run_address>
         <size>0x2c</size>
         <input_file_ref idref="fl-1d"/>
      </object_component>
      <object_component id="oc-e5">
         <name>.text.initUART</name>
         <load_address>0x10055d8</load_address>
         <run_address>0x10055d8</run_address>
         <size>0x2c</size>
         <input_file_ref idref="fl-1"/>
      </object_component>
      <object_component id="oc-182">
         <name>.text.HwiP_create</name>
         <load_address>0x1005604</load_address>
         <run_address>0x1005604</run_address>
         <size>0x2a</size>
         <input_file_ref idref="fl-24"/>
      </object_component>
      <object_component id="oc-199">
         <name>.text.PRCMLPDSWakeUpGPIOSelect</name>
         <load_address>0x100562e</load_address>
         <run_address>0x100562e</run_address>
         <size>0x2a</size>
         <input_file_ref idref="fl-2e"/>
      </object_component>
      <object_component id="oc-11b">
         <name>.text.PRCMPeripheralClkDisable</name>
         <load_address>0x1005658</load_address>
         <run_address>0x1005658</run_address>
         <size>0x2a</size>
         <input_file_ref idref="fl-2e"/>
      </object_component>
      <object_component id="oc-276">
         <name>.text.UARTIntStatus</name>
         <load_address>0x1005682</load_address>
         <run_address>0x1005682</run_address>
         <size>0x2a</size>
         <input_file_ref idref="fl-32"/>
      </object_component>
      <object_component id="oc-315">
         <name>.text.I2CMasterBusBusy</name>
         <load_address>0x10056ac</load_address>
         <run_address>0x10056ac</run_address>
         <size>0x28</size>
         <input_file_ref idref="fl-2b"/>
      </object_component>
      <object_component id="oc-311">
         <name>.text.I2CMasterSlaveAddrSet</name>
         <load_address>0x10056d4</load_address>
         <run_address>0x10056d4</run_address>
         <size>0x28</size>
         <input_file_ref idref="fl-2b"/>
      </object_component>
      <object_component id="oc-287">
         <name>.text.I2CTxFIFOConfigSet</name>
         <load_address>0x10056fc</load_address>
         <run_address>0x10056fc</run_address>
         <size>0x28</size>
         <input_file_ref idref="fl-2b"/>
      </object_component>
      <object_component id="oc-298">
         <name>.text.I2C_cancel</name>
         <load_address>0x1005724</load_address>
         <run_address>0x1005724</run_address>
         <size>0x28</size>
         <input_file_ref idref="fl-16"/>
      </object_component>
      <object_component id="oc-301">
         <name>.text.List_remove</name>
         <load_address>0x100574c</load_address>
         <run_address>0x100574c</run_address>
         <size>0x28</size>
         <input_file_ref idref="fl-1e"/>
      </object_component>
      <object_component id="oc-2e2">
         <name>.text.PRCMSRAMRetentionEnable</name>
         <load_address>0x1005774</load_address>
         <run_address>0x1005774</run_address>
         <size>0x28</size>
         <input_file_ref idref="fl-2e"/>
      </object_component>
      <object_component id="oc-1c7">
         <name>.text.PowerCC32XX_getParkState</name>
         <load_address>0x100579c</load_address>
         <run_address>0x100579c</run_address>
         <size>0x28</size>
         <input_file_ref idref="fl-18"/>
      </object_component>
      <object_component id="oc-317">
         <name>.text.TimerSupport_timerDisable</name>
         <load_address>0x10057c4</load_address>
         <run_address>0x10057c4</run_address>
         <size>0x28</size>
         <input_file_ref idref="fl-1b"/>
      </object_component>
      <object_component id="oc-23f">
         <name>.text.free_list_insert</name>
         <load_address>0x10057ec</load_address>
         <run_address>0x10057ec</run_address>
         <size>0x28</size>
         <input_file_ref idref="fl-42"/>
      </object_component>
      <object_component id="oc-288">
         <name>.text.I2CRxFIFOConfigSet</name>
         <load_address>0x1005814</load_address>
         <run_address>0x1005814</run_address>
         <size>0x24</size>
         <input_file_ref idref="fl-2b"/>
      </object_component>
      <object_component id="oc-300">
         <name>.text.IntUnregister</name>
         <load_address>0x1005838</load_address>
         <run_address>0x1005838</run_address>
         <size>0x24</size>
         <input_file_ref idref="fl-2c"/>
      </object_component>
      <object_component id="oc-1b1">
         <name>.text.List_put</name>
         <load_address>0x100585c</load_address>
         <run_address>0x100585c</run_address>
         <size>0x24</size>
         <input_file_ref idref="fl-1e"/>
      </object_component>
      <object_component id="oc-197">
         <name>.text.PRCMLPDSWakeupSourceEnable</name>
         <load_address>0x1005880</load_address>
         <run_address>0x1005880</run_address>
         <size>0x24</size>
         <input_file_ref idref="fl-2e"/>
      </object_component>
      <object_component id="oc-272">
         <name>.text.PowerCC32XX_restoreParkState</name>
         <load_address>0x10058a4</load_address>
         <run_address>0x10058a4</run_address>
         <size>0x24</size>
         <input_file_ref idref="fl-18"/>
      </object_component>
      <object_component id="oc-2ec">
         <name>.text.PowerCC32XX_restoreParkedPin</name>
         <load_address>0x10058c8</load_address>
         <run_address>0x10058c8</run_address>
         <size>0x24</size>
         <input_file_ref idref="fl-18"/>
      </object_component>
      <object_component id="oc-134">
         <name>.text.Power_registerNotify</name>
         <load_address>0x10058ec</load_address>
         <run_address>0x10058ec</run_address>
         <size>0x24</size>
         <input_file_ref idref="fl-18"/>
      </object_component>
      <object_component id="oc-2fd">
         <name>.text.UART2Support_disableRx</name>
         <load_address>0x1005910</load_address>
         <run_address>0x1005910</run_address>
         <size>0x24</size>
         <input_file_ref idref="fl-1d"/>
      </object_component>
      <object_component id="oc-6d">
         <name>.text:_c_int00_noargs</name>
         <load_address>0x1005934</load_address>
         <run_address>0x1005934</run_address>
         <size>0x24</size>
         <input_file_ref idref="fl-46"/>
      </object_component>
      <object_component id="oc-16c">
         <name>.text.GPIOPinWrite</name>
         <load_address>0x1005958</load_address>
         <run_address>0x1005958</run_address>
         <size>0x22</size>
         <input_file_ref idref="fl-29"/>
      </object_component>
      <object_component id="oc-2eb">
         <name>.text.PinUnlock</name>
         <load_address>0x100597a</load_address>
         <run_address>0x100597a</run_address>
         <size>0x22</size>
         <input_file_ref idref="fl-2d"/>
      </object_component>
      <object_component id="oc-30e">
         <name>.text.RingBuf_getPointer</name>
         <load_address>0x100599c</load_address>
         <run_address>0x100599c</run_address>
         <size>0x22</size>
         <input_file_ref idref="fl-1f"/>
      </object_component>
      <object_component id="oc-2d0">
         <name>.text.UART2Support_sendData</name>
         <load_address>0x10059be</load_address>
         <run_address>0x10059be</run_address>
         <size>0x22</size>
         <input_file_ref idref="fl-1d"/>
      </object_component>
      <object_component id="oc-263">
         <name>.text.IntRegister</name>
         <load_address>0x10059e0</load_address>
         <run_address>0x10059e0</run_address>
         <size>0x20</size>
         <input_file_ref idref="fl-2c"/>
      </object_component>
      <object_component id="oc-1e3">
         <name>.text.PinTypeI2C</name>
         <load_address>0x1005a00</load_address>
         <run_address>0x1005a00</run_address>
         <size>0x20</size>
         <input_file_ref idref="fl-2d"/>
      </object_component>
      <object_component id="oc-1bf">
         <name>.text.PowerCC32XX_reset</name>
         <load_address>0x1005a20</load_address>
         <run_address>0x1005a20</run_address>
         <size>0x20</size>
         <input_file_ref idref="fl-18"/>
      </object_component>
      <object_component id="oc-270">
         <name>.text.Power_unregisterNotify</name>
         <load_address>0x1005a40</load_address>
         <run_address>0x1005a40</run_address>
         <size>0x20</size>
         <input_file_ref idref="fl-18"/>
      </object_component>
      <object_component id="oc-1d3">
         <name>.text.SemaphoreP_constructBinary</name>
         <load_address>0x1005a60</load_address>
         <run_address>0x1005a60</run_address>
         <size>0x20</size>
         <input_file_ref idref="fl-22"/>
      </object_component>
      <object_component id="oc-12a">
         <name>.text.SemaphoreP_createBinary</name>
         <load_address>0x1005a80</load_address>
         <run_address>0x1005a80</run_address>
         <size>0x20</size>
         <input_file_ref idref="fl-22"/>
      </object_component>
      <object_component id="oc-29e">
         <name>.text.TimerDisable</name>
         <load_address>0x1005aa0</load_address>
         <run_address>0x1005aa0</run_address>
         <size>0x20</size>
         <input_file_ref idref="fl-31"/>
      </object_component>
      <object_component id="oc-246">
         <name>.text.PinTypeUART</name>
         <load_address>0x1005ac0</load_address>
         <run_address>0x1005ac0</run_address>
         <size>0x1e</size>
         <input_file_ref idref="fl-2d"/>
      </object_component>
      <object_component id="oc-17c">
         <name>.text.UART2_writeTimeout</name>
         <load_address>0x1005ade</load_address>
         <run_address>0x1005ade</run_address>
         <size>0x1e</size>
         <input_file_ref idref="fl-1c"/>
      </object_component>
      <object_component id="oc-259">
         <name>.text.UARTEnable</name>
         <load_address>0x1005afc</load_address>
         <run_address>0x1005afc</run_address>
         <size>0x1e</size>
         <input_file_ref idref="fl-32"/>
      </object_component>
      <object_component id="oc-2ad">
         <name>.text.memccpy</name>
         <load_address>0x1005b1a</load_address>
         <run_address>0x1005b1a</run_address>
         <size>0x1e</size>
         <input_file_ref idref="fl-53"/>
      </object_component>
      <object_component id="oc-305">
         <name>.text.uDMAChannelDisable</name>
         <load_address>0x1005b38</load_address>
         <run_address>0x1005b38</run_address>
         <size>0x1e</size>
         <input_file_ref idref="fl-33"/>
      </object_component>
      <object_component id="oc-30b">
         <name>.text.uDMAChannelEnable</name>
         <load_address>0x1005b56</load_address>
         <run_address>0x1005b56</run_address>
         <size>0x1e</size>
         <input_file_ref idref="fl-33"/>
      </object_component>
      <object_component id="oc-279">
         <name>.text.uDMAChannelIsEnabled</name>
         <load_address>0x1005b74</load_address>
         <run_address>0x1005b74</run_address>
         <size>0x1e</size>
         <input_file_ref idref="fl-33"/>
      </object_component>
      <object_component id="oc-e9">
         <name>.text.GPIO_setCallback</name>
         <load_address>0x1005b94</load_address>
[...]
      </symbol>
      <symbol id="sm-521">
         <name>PinToPadGet</name>
         <value>0x1005ca5</value>
         <object_component_ref idref="oc-273"/>
      </symbol>
      <symbol id="sm-522">
         <name>PinTypeI2C</name>
         <value>0x1005a01</value>
         <object_component_ref idref="oc-1e3"/>
      </symbol>
      <symbol id="sm-523">
         <name>PinTypeUART</name>
         <value>0x1005ac1</value>
         <object_component_ref idref="oc-246"/>
      </symbol>
      <symbol id="sm-524">
         <name>PinUnlock</name>
         <value>0x100597b</value>
         <object_component_ref idref="oc-2eb"/>
      </symbol>
      <symbol id="sm-5d6">
         <name>PRCMCC3200MCUInit</name>
         <value>0x1001085</value>
         <object_component_ref idref="oc-c9"/>
      </symbol>
      <symbol id="sm-5d7">
         <name>PRCMHIBRegRead</name>
         <value>0x1005c57</value>
         <object_component_ref idref="oc-118"/>
      </symbol>
      <symbol id="sm-5d8">
         <name>PRCMHIBRegWrite</name>
         <value>0x1005c71</value>
         <object_component_ref idref="oc-117"/>
      </symbol>
      <symbol id="sm-5d9">
         <name>PRCMHibernateWakeUpGPIOSelect</name>
         <value>0x1003b41</value>
         <object_component_ref idref="oc-19a"/>
      </symbol>
      <symbol id="sm-5da">
         <name>PRCMHibernateWakeupSourceDisable</name>
         <value>0x10041c9</value>
         <object_component_ref idref="oc-19c"/>
      </symbol>
      <symbol id="sm-5db">
         <name>PRCMHibernateWakeupSourceEnable</name>
         <value>0x10044dd</value>
         <object_component_ref idref="oc-19b"/>
      </symbol>
      <symbol id="sm-5dc">
         <name>PRCMIntEnable</name>
         <value>0x1004825</value>
         <object_component_ref idref="oc-2ea"/>
      </symbol>
      <symbol id="sm-5dd">
         <name>PRCMLPDSEnter</name>
         <value>0x100438d</value>
         <object_component_ref idref="oc-2f0"/>
      </symbol>
      <symbol id="sm-5de">
         <name>PRCMLPDSEnterKeepDebugIf</name>
         <value>0x1004a1b</value>
         <object_component_ref idref="oc-2ef"/>
      </symbol>
      <symbol id="sm-5df">
         <name>PRCMLPDSIntervalSet</name>
         <value>0x1005379</value>
         <object_component_ref idref="oc-232"/>
      </symbol>
      <symbol id="sm-5e0">
         <name>PRCMLPDSRestoreInfoSet</name>
         <value>0x1004619</value>
         <object_component_ref idref="oc-35c"/>
      </symbol>
      <symbol id="sm-5e1">
         <name>PRCMLPDSWakeUpGPIOSelect</name>
         <value>0x100562f</value>
         <object_component_ref idref="oc-199"/>
      </symbol>
      <symbol id="sm-5e2">
         <name>PRCMLPDSWakeupCauseGet</name>
         <value>0x1006225</value>
         <object_component_ref idref="oc-2ed"/>
      </symbol>
      <symbol id="sm-5e3">
         <name>PRCMLPDSWakeupSourceDisable</name>
         <value>0x1005c8b</value>
         <object_component_ref idref="oc-198"/>
      </symbol>
      <symbol id="sm-5e4">
         <name>PRCMLPDSWakeupSourceEnable</name>
         <value>0x1005881</value>
         <object_component_ref idref="oc-197"/>
      </symbol>
      <symbol id="sm-5e5">
         <name>PRCMPeripheralClkDisable</name>
         <value>0x1005659</value>
         <object_component_ref idref="oc-11b"/>
      </symbol>
      <symbol id="sm-5e6">
         <name>PRCMPeripheralClkEnable</name>
         <value>0x1004281</value>
         <object_component_ref idref="oc-119"/>
      </symbol>
      <symbol id="sm-5e7">
         <name>PRCMPeripheralReset</name>
         <value>0x1003e45</value>
         <object_component_ref idref="oc-11a"/>
      </symbol>
      <symbol id="sm-5e8">
         <name>PRCMPeripheralStatusGet</name>
         <value>0x100486d</value>
         <object_component_ref idref="oc-216"/>
      </symbol>
      <symbol id="sm-5e9">
         <name>PRCMSRAMRetentionEnable</name>
         <value>0x1005775</value>
         <object_component_ref idref="oc-2e2"/>
      </symbol>
      <symbol id="sm-5ea">
         <name>PRCMSleepEnter</name>
         <value>0x10062ef</value>
         <object_component_ref idref="oc-238"/>
      </symbol>
      <symbol id="sm-5eb">
         <name>PRCMSlowClkCtrFastGet</name>
         <value>0x10053a9</value>
         <object_component_ref idref="oc-2d9"/>
      </symbol>
      <symbol id="sm-5ec">
         <name>PRCMSysResetCauseGet</name>
         <value>0x10038c1</value>
         <object_component_ref idref="oc-112"/>
      </symbol>
      <symbol id="sm-60a">
         <name>SysTickEnable</name>
         <value>0x1005fff</value>
         <object_component_ref idref="oc-236"/>
      </symbol>
      <symbol id="sm-60b">
         <name>SysTickIntDisable</name>
         <value>0x1006011</value>
         <object_component_ref idref="oc-22d"/>
      </symbol>
      <symbol id="sm-60c">
         <name>SysTickIntEnable</name>
         <value>0x1006023</value>
         <object_component_ref idref="oc-237"/>
      </symbol>
      <symbol id="sm-60d">
         <name>SysTickPeriodSet</name>
         <value>0x1005da9</value>
         <object_component_ref idref="oc-235"/>
      </symbol>
      <symbol id="sm-64c">
         <name>TimerControlStall</name>
         <value>0x1004d0b</value>
         <object_component_ref idref="oc-2a5"/>
      </symbol>
      <symbol id="sm-64d">
         <name>TimerDisable</name>
         <value>0x1005aa1</value>
         <object_component_ref idref="oc-29e"/>
      </symbol>
      <symbol id="sm-64e">
         <name>TimerEnable</name>
         <value>0x1005cbf</value>
         <object_component_ref idref="oc-2ab"/>
      </symbol>
      <symbol id="sm-64f">
         <name>TimerIntClear</name>
         <value>0x10060e9</value>
         <object_component_ref idref="oc-2a8"/>
      </symbol>
      <symbol id="sm-650">
         <name>TimerIntDisable</name>
         <value>0x1005dbf</value>
         <object_component_ref idref="oc-369"/>
      </symbol>
      <symbol id="sm-651">
         <name>TimerIntEnable</name>
         <value>0x1005ecd</value>
         <object_component_ref idref="oc-2a9"/>
      </symbol>
      <symbol id="sm-652">
         <name>TimerLoadSet</name>
         <value>0x10053d9</value>
         <object_component_ref idref="oc-2a4"/>
      </symbol>
      <symbol id="sm-653">
         <name>TimerPrescaleSet</name>
         <value>0x1005409</value>
         <object_component_ref idref="oc-2a3"/>
      </symbol>
      <symbol id="sm-6bd">
         <name>UARTBusy</name>
         <value>0x1006119</value>
         <object_component_ref idref="oc-34e"/>
      </symbol>
      <symbol id="sm-6be">
         <name>UARTCharPutNonBlocking</name>
         <value>0x1005141</value>
         <object_component_ref idref="oc-34d"/>
      </symbol>
      <symbol id="sm-6bf">
         <name>UARTCharsAvail</name>
         <value>0x1005dd5</value>
         <object_component_ref idref="oc-27b"/>
      </symbol>
      <symbol id="sm-6c0">
         <name>UARTConfigSetExpClk</name>
         <value>0x1003bb5</value>
         <object_component_ref idref="oc-253"/>
      </symbol>
      <symbol id="sm-6c1">
         <name>UARTDMADisable</name>
         <value>0x1005deb</value>
         <object_component_ref idref="oc-26a"/>
      </symbol>
      <symbol id="sm-6c2">
         <name>UARTDMAEnable</name>
         <value>0x1005ee1</value>
         <object_component_ref idref="oc-30c"/>
      </symbol>
      <symbol id="sm-6c3">
         <name>UARTDisable</name>
         <value>0x1005523</value>
         <object_component_ref idref="oc-26c"/>
      </symbol>
      <symbol id="sm-6c4">
         <name>UARTEnable</name>
         <value>0x1005afd</value>
         <object_component_ref idref="oc-259"/>
      </symbol>
      <symbol id="sm-6c5">
         <name>UARTFIFOLevelSet</name>
         <value>0x1005e01</value>
         <object_component_ref idref="oc-25b"/>
      </symbol>
      <symbol id="sm-6c6">
         <name>UARTFlowControlSet</name>
         <value>0x1005cd9</value>
         <object_component_ref idref="oc-25c"/>
      </symbol>
      <symbol id="sm-6c7">
         <name>UARTIntClear</name>
         <value>0x1006129</value>
         <object_component_ref idref="oc-258"/>
      </symbol>
      <symbol id="sm-6c8">
         <name>UARTIntDisable</name>
         <value>0x1005e17</value>
         <object_component_ref idref="oc-269"/>
      </symbol>
      <symbol id="sm-6c9">
         <name>UARTIntEnable</name>
         <value>0x1005ef5</value>
         <object_component_ref idref="oc-25a"/>
      </symbol>
      <symbol id="sm-6ca">
         <name>UARTIntStatus</name>
         <value>0x1005683</value>
         <object_component_ref idref="oc-276"/>
      </symbol>
      <symbol id="sm-6cb">
         <name>UARTRxErrorGet</name>
         <value>0x1006139</value>
         <object_component_ref idref="oc-278"/>
      </symbol>
      <symbol id="sm-724">
         <name>uDMAChannelAssign</name>
         <value>0x100457d</value>
         <object_component_ref idref="oc-25d"/>
      </symbol>
      <symbol id="sm-725">
         <name>uDMAChannelAttributeDisable</name>
         <value>0x100379d</value>
         <object_component_ref idref="oc-25e"/>
      </symbol>
      <symbol id="sm-726">
         <name>uDMAChannelControlSet</name>
         <value>0x1004e51</value>
         <object_component_ref idref="oc-309"/>
      </symbol>
      <symbol id="sm-727">
         <name>uDMAChannelDisable</name>
         <value>0x1005b39</value>
         <object_component_ref idref="oc-305"/>
      </symbol>
      <symbol id="sm-728">
         <name>uDMAChannelEnable</name>
         <value>0x1005b57</value>
         <object_component_ref idref="oc-30b"/>
      </symbol>
      <symbol id="sm-729">
         <name>uDMAChannelIsEnabled</name>
         <value>0x1005b75</value>
         <object_component_ref idref="oc-279"/>
      </symbol>
      <symbol id="sm-72a">
         <name>uDMAChannelSizeGet</name>
         <value>0x1004791</value>
         <object_component_ref idref="oc-306"/>
      </symbol>
      <symbol id="sm-72b">
         <name>uDMAChannelTransferSet</name>
         <value>0x1002949</value>
         <object_component_ref idref="oc-30a"/>
      </symbol>
      <symbol id="sm-72c">
         <name>uDMAControlBaseSet</name>
         <value>0x1005f31</value>
         <object_component_ref idref="oc-250"/>
      </symbol>
      <symbol id="sm-72d">
         <name>uDMAEnable</name>
         <value>0x10061b1</value>
         <object_component_ref idref="oc-24b"/>
      </symbol>
      <symbol id="sm-72e">
         <name>uDMAErrorStatusClear</name>
         <value>0x10061bf</value>
         <object_component_ref idref="oc-37d"/>
      </symbol>
      <symbol id="sm-72f">
         <name>uDMAErrorStatusGet</name>
         <value>0x1006285</value>
         <object_component_ref idref="oc-37c"/>
      </symbol>
      <symbol id="sm-730">
         <name>uDMAIntClear</name>
         <value>0x1005f45</value>
         <object_component_ref idref="oc-307"/>
      </symbol>
      <symbol id="sm-73b">
         <name>UtilsDelay</name>
         <value>0x10062f7</value>
         <object_component_ref idref="oc-113"/>
      </symbol>
      <symbol id="sm-768">
         <name>FlashDisable</name>
         <value>0x1004111</value>
         <object_component_ref idref="oc-35e"/>
      </symbol>
      <symbol id="sm-779">
         <name>snprintf</name>
         <value>0x1004c85</value>
         <object_component_ref idref="oc-ef"/>
      </symbol>
      <symbol id="sm-799">
         <name>malloc</name>
         <value>0x1006309</value>
         <object_component_ref idref="oc-217"/>
      </symbol>
      <symbol id="sm-79a">
         <name>aligned_alloc</name>
         <value>0x10025f5</value>
         <object_component_ref idref="oc-2d3"/>
      </symbol>
      <symbol id="sm-79b">
         <name>free</name>
         <value>0x1002b59</value>
         <object_component_ref idref="oc-1a9"/>
      </symbol>
      <symbol id="sm-79c">
         <name>_sys_memory</name>
         <value>0x20000310</value>
         <object_component_ref idref="oc-29"/>
      </symbol>
      <symbol id="sm-79d">
         <name>memalign</name>
         <value>0x10025f5</value>
         <object_component_ref idref="oc-2d3"/>
      </symbol>
      <symbol id="sm-7a7">
         <name>__TI_zero_init</name>
         <value>0x1006169</value>
         <object_component_ref idref="oc-41"/>
      </symbol>
      <symbol id="sm-7b0">
         <name>__TI_decompress_none</name>
         <value>0x10061db</value>
         <object_component_ref idref="oc-1d"/>
      </symbol>
      <symbol id="sm-7ba">
         <name>__TI_decompress_lzss</name>
         <value>0x1003eaf</value>
         <object_component_ref idref="oc-19"/>
      </symbol>
      <symbol id="sm-7c5">
         <name>_c_int00_noargs</name>
         <value>0x1005935</value>
         <object_component_ref idref="oc-6d"/>
      </symbol>
      <symbol id="sm-7c6">
         <name>__stack</name>
         <value>0x2003f000</value>
         <object_component_ref idref="oc-17"/>
      </symbol>
      <symbol id="sm-7e6">
         <name>__TI_printfi_nofloat</name>
         <value>0x1000841</value>
         <object_component_ref idref="oc-206"/>
      </symbol>
      <symbol id="sm-7f3">
         <name>__aeabi_errno_addr</name>
         <value>0x1006301</value>
         <object_component_ref idref="oc-2bc"/>
      </symbol>
      <symbol id="sm-7f4">
         <name>__aeabi_errno</name>
         <value>0x200094a8</value>
         <object_component_ref idref="oc-324"/>
      </symbol>
      <symbol id="sm-7fe">
         <name>abort</name>
         <value>0x1006355</value>
         <object_component_ref idref="oc-af"/>
      </symbol>
      <symbol id="sm-7ff">
         <name>C$$EXIT</name>
         <value>0x1006354</value>
         <object_component_ref idref="oc-af"/>
      </symbol>
      <symbol id="sm-808">
         <name>_nop</name>
         <value>0x100394f</value>
         <object_component_ref idref="oc-188"/>
      </symbol>
      <symbol id="sm-809">
         <name>_lock</name>
         <value>0x200094ac</value>
         <object_component_ref idref="oc-108"/>
      </symbol>
      <symbol id="sm-80a">
         <name>_unlock</name>
         <value>0x200094b0</value>
         <object_component_ref idref="oc-10b"/>
      </symbol>
      <symbol id="sm-817">
         <name>atoi</name>
         <value>0x1004945</value>
         <object_component_ref idref="oc-2b4"/>
      </symbol>
      <symbol id="sm-821">
         <name>memccpy</name>
         <value>0x1005b1b</value>
         <object_component_ref idref="oc-2ad"/>
      </symbol>
      <symbol id="sm-82c">
         <name>__TI_auto_init_nobinit_nopinit</name>
         <value>0x100509d</value>
         <object_component_ref idref="oc-b6"/>
      </symbol>
      <symbol id="sm-834">
         <name>_system_pre_init</name>
         <value>0x1006351</value>
         <object_component_ref idref="oc-82"/>
      </symbol>
      <symbol id="sm-83e">
         <name>wcslen</name>
         <value>0x1006159</value>
         <object_component_ref idref="oc-2b8"/>
      </symbol>
      <symbol id="sm-844">
         <name>__aeabi_ctype_table_</name>
         <value>0x10064a0</value>
         <object_component_ref idref="oc-31d"/>
      </symbol>
      <symbol id="sm-845">
         <name>__aeabi_ctype_table_C</name>
         <value>0x10064a0</value>
         <object_component_ref idref="oc-31d"/>
      </symbol>
      <symbol id="sm-85d">
         <name>__aeabi_dmul</name>
         <value>0x1002a5d</value>
         <object_component_ref idref="oc-20c"/>
      </symbol>
      <symbol id="sm-85e">
         <name>__muldf3</name>
         <value>0x1002a5d</value>
         <object_component_ref idref="oc-20c"/>
      </symbol>
      <symbol id="sm-864">
         <name>__aeabi_d2iz</name>
         <value>0x100498d</value>
         <object_component_ref idref="oc-210"/>
      </symbol>
      <symbol id="sm-865">
         <name>__fixdfsi</name>
         <value>0x100498d</value>
         <object_component_ref idref="oc-210"/>
      </symbol>
      <symbol id="sm-86b">
         <name>__aeabi_i2d</name>
         <value>0x1005551</value>
         <object_component_ref idref="oc-208"/>
      </symbol>
      <symbol id="sm-86c">
         <name>__floatsidf</name>
         <value>0x1005551</value>
         <object_component_ref idref="oc-208"/>
      </symbol>
      <symbol id="sm-872">
         <name>__aeabi_memcpy</name>
         <value>0x1006359</value>
         <object_component_ref idref="oc-34"/>
      </symbol>
      <symbol id="sm-873">
         <name>__aeabi_memcpy4</name>
         <value>0x1006359</value>
         <object_component_ref idref="oc-34"/>
      </symbol>
      <symbol id="sm-874">
         <name>__aeabi_memcpy8</name>
         <value>0x1006359</value>
         <object_component_ref idref="oc-34"/>
      </symbol>
      <symbol id="sm-87a">
         <name>__aeabi_memset</name>
         <value>0x1005f59</value>
         <object_component_ref idref="oc-5f"/>
      </symbol>
      <symbol id="sm-87b">
         <name>__aeabi_memset4</name>
         <value>0x1005f59</value>
         <object_component_ref idref="oc-5f"/>
      </symbol>
      <symbol id="sm-87c">
         <name>__aeabi_memset8</name>
         <value>0x1005f59</value>
         <object_component_ref idref="oc-5f"/>
      </symbol>
      <symbol id="sm-87d">
         <name>__aeabi_memclr</name>
         <value>0x1005f65</value>
         <object_component_ref idref="oc-5f"/>
      </symbol>
      <symbol id="sm-87e">
         <name>__aeabi_memclr4</name>
         <value>0x1005f65</value>
         <object_component_ref idref="oc-5f"/>
      </symbol>
      <symbol id="sm-87f">
         <name>__aeabi_memclr8</name>
         <value>0x1005f65</value>
         <object_component_ref idref="oc-5f"/>
      </symbol>
      <symbol id="sm-885">
         <name>__aeabi_uldivmod</name>
         <value>0x1005f6d</value>
         <object_component_ref idref="oc-229"/>
      </symbol>
      <symbol id="sm-88b">
         <name>__udivmoddi4</name>
         <value>0x10031f9</value>
         <object_component_ref idref="oc-2da"/>
      </symbol>
      <symbol id="sm-896">
         <name>__aeabi_ldiv0</name>
         <value>0x100382f</value>
         <object_component_ref idref="oc-352"/>
      </symbol>
      <symbol id="sm-89f">
         <name>TI_memcpy_small</name>
         <value>0x1006047</value>
         <object_component_ref idref="oc-78"/>
      </symbol>
      <symbol id="sm-8a7">
         <name>TI_memset_small</name>
         <value>0x10061cd</value>
         <object_component_ref idref="oc-95"/>
      </symbol>
      <symbol id="sm-8a8">
         <name>__TI_static_base__</name>
         <value>0x1006a2c</value>
      </symbol>
      <symbol id="sm-8ab">
         <name>ITM_flush</name>
         <value>0x0</value>
      </symbol>
      <symbol id="sm-8ac">
         <name>ITM_restore</name>
         <value>0x0</value>
      </symbol>
      <symbol id="sm-8ad">
         <name>__mpu_init</name>
         <value>0x0</value>
      </symbol>
      <symbol id="sm-8ae">
         <name>_system_post_cinit</name>
         <value>0x0</value>
      </symbol>
   </symbol_table>
   <title>Link successful</title>
</link_info>
